Archive member included to satisfy reference by file (symbol)

arch/arm/lib/lib.a(lib1funcs.o)
                              arch/arm/mach-at91/built-in.o (__aeabi_uidiv)
arch/arm/lib/lib.a(div0.o)    arch/arm/lib/lib.a(lib1funcs.o) (__div0)

Discarded input sections

 .data          0x0000000000000000        0x0 arch/arm/cpu/armv7/start.o
 .bss           0x0000000000000000        0x0 arch/arm/cpu/armv7/start.o
 .text.mmu_page_table_flush
                0x0000000000000000       0x24 arch/arm/cpu/armv7/built-in.o
 .text.v7_arch_cp15_set_l2aux_ctrl
                0x0000000000000000        0x8 arch/arm/cpu/armv7/built-in.o
 .text.v7_arch_cp15_set_acr
                0x0000000000000000        0x8 arch/arm/cpu/armv7/built-in.o
 .text.sdelay   0x0000000000000000        0xc arch/arm/cpu/armv7/built-in.o
 .text.wait_on_value
                0x0000000000000000       0x38 arch/arm/cpu/armv7/built-in.o
 .data          0x0000000000000000        0x0 arch/arm/cpu/armv7/built-in.o
 .bss           0x0000000000000000        0x0 arch/arm/cpu/armv7/built-in.o
 .text.setup_board_tags
                0x0000000000000000        0x4 arch/arm/lib/built-in.o
 .text.armv7_boot_nonsec_default
                0x0000000000000000        0x8 arch/arm/lib/built-in.o
 .text.enable_caches
                0x0000000000000000        0xc arch/arm/lib/built-in.o
 .text.invalidate_dcache_range
                0x0000000000000000        0x4 arch/arm/lib/built-in.o
 .text.flush_dcache_range
                0x0000000000000000        0x4 arch/arm/lib/built-in.o
 .text.flush_dcache_all
                0x0000000000000000        0xc arch/arm/lib/built-in.o
 .text.arm_init_before_mmu
                0x0000000000000000        0x4 arch/arm/lib/built-in.o
 .text.mmu_page_table_flush
                0x0000000000000000        0x4 arch/arm/lib/built-in.o
 .text.mmu_set_region_dcache_behaviour
                0x0000000000000000       0x58 arch/arm/lib/built-in.o
 .text.icache_status
                0x0000000000000000        0xc arch/arm/lib/built-in.o
 .text.fdt_psci
                0x0000000000000000        0x8 arch/arm/lib/built-in.o
 .rodata.enable_caches.str1.1
                0x0000000000000000       0x1d arch/arm/lib/built-in.o
 .data          0x0000000000000000        0x0 arch/arm/lib/built-in.o
 .__secure_end  0x0000000000000000        0x0 arch/arm/lib/built-in.o
 .__secure_stack_end
                0x0000000000000000        0x0 arch/arm/lib/built-in.o
 .__secure_stack_start
                0x0000000000000000        0x0 arch/arm/lib/built-in.o
 .__secure_start
                0x0000000000000000        0x0 arch/arm/lib/built-in.o
 .bss           0x0000000000000000        0x0 arch/arm/lib/built-in.o
 .text          0x0000000000000000        0x0 arch/arm/mach-at91/built-in.o
 .text.at91_periph_clk_disable
                0x0000000000000000       0x20 arch/arm/mach-at91/built-in.o
 .text.at91_system_clk_enable
                0x0000000000000000       0x14 arch/arm/mach-at91/built-in.o
 .text.at91_system_clk_disable
                0x0000000000000000       0x14 arch/arm/mach-at91/built-in.o
 .text.at91_upll_clk_enable
                0x0000000000000000       0x70 arch/arm/mach-at91/built-in.o
 .text.at91_upll_clk_disable
                0x0000000000000000       0x68 arch/arm/mach-at91/built-in.o
 .text.at91_usb_clk_init
                0x0000000000000000       0x14 arch/arm/mach-at91/built-in.o
 .text.at91_pllicpr_init
                0x0000000000000000       0x14 arch/arm/mach-at91/built-in.o
 .text.at91_udp_hw_init
                0x0000000000000000       0x14 arch/arm/mach-at91/built-in.o
 .text.at91_plla_init
                0x0000000000000000       0x24 arch/arm/mach-at91/built-in.o
 .text.at91_mck_init
                0x0000000000000000       0x48 arch/arm/mach-at91/built-in.o
 .text.at91_mck_init_down
                0x0000000000000000       0xa8 arch/arm/mach-at91/built-in.o
 .text.at91_enable_periph_generated_clk
                0x0000000000000000      0x114 arch/arm/mach-at91/built-in.o
 .text.at91_get_periph_generated_clk
                0x0000000000000000       0xa4 arch/arm/mach-at91/built-in.o
 .rodata.at91_upll_clk_disable.str1.1
                0x0000000000000000       0x1c arch/arm/mach-at91/built-in.o
 .rodata.at91_upll_clk_enable.str1.1
                0x0000000000000000       0x1e arch/arm/mach-at91/built-in.o
 .rodata.at91_enable_periph_generated_clk.str1.1
                0x0000000000000000       0x43 arch/arm/mach-at91/built-in.o
 .rodata.at91_get_periph_generated_clk.str1.1
                0x0000000000000000       0x26 arch/arm/mach-at91/built-in.o
 .data          0x0000000000000000        0x0 arch/arm/mach-at91/built-in.o
 .bss           0x0000000000000000        0x0 arch/arm/mach-at91/built-in.o
 .text          0x0000000000000000        0x0 board/atmel/common/built-in.o
 .text.dummy    0x0000000000000000        0x4 board/atmel/common/built-in.o
 .text.at91_prepare_cpu_var
[...]
Memory Configuration

Name             Origin             Length             Attributes
*default*        0x0000000000000000 0xffffffffffffffff

Linker script and memory map

Address of section .text set to 0x22000000
                0x0000000000000000                . = 0x0
                0x0000000000000000                . = ALIGN (0x4)

.text           0x0000000022000000    0x4bfcc
 *(.__image_copy_start)
 .__image_copy_start
                0x0000000022000000        0x0 arch/arm/lib/built-in.o
                0x0000000022000000                __image_copy_start
 *(.vectors)
 .vectors       0x0000000022000000      0x2e8 arch/arm/lib/built-in.o
                0x0000000022000000                _start
                0x0000000022000020                _undefined_instruction
                0x0000000022000024                _software_interrupt
                0x0000000022000028                _prefetch_abort
                0x000000002200002c                _data_abort
                0x0000000022000030                _not_used
                0x0000000022000034                _irq
                0x0000000022000038                _fiq
                0x0000000022000040                IRQ_STACK_START_IN
 arch/arm/cpu/armv7/start.o(.text*)
 .text          0x00000000220002e8       0xa4 arch/arm/cpu/armv7/start.o
                0x00000000220002e8                reset
                0x00000000220002ec                save_boot_params_ret
                0x0000000022000320                c_runtime_cpu_setup
                0x0000000022000330                save_boot_params
                0x0000000022000334                cpu_init_cp15
 *(.text*)
 .text          0x000000002200038c      0x158 arch/arm/cpu/armv7/built-in.o
                0x000000002200038c                __v7_flush_dcache_all
                0x0000000022000420                v7_flush_dcache_all
                0x0000000022000430                __v7_invalidate_dcache_all
                0x00000000220004c4                v7_invalidate_dcache_all
                0x00000000220004d4                allow_unaligned
 .text.invalidate_icache_all
                0x00000000220004e4       0x18 arch/arm/cpu/armv7/built-in.o
                0x00000000220004e4                invalidate_icache_all
 .text.v7_outer_cache_enable
                0x00000000220004fc        0x4 arch/arm/cpu/armv7/built-in.o
                0x00000000220004fc                v7_outer_cache_enable
 .text.v7_outer_cache_disable
                0x0000000022000500        0x4 arch/arm/cpu/armv7/built-in.o
                0x0000000022000500                v7_outer_cache_disable
 .text.v7_outer_cache_flush_all
                0x0000000022000504        0x4 arch/arm/cpu/armv7/built-in.o
                0x0000000022000504                v7_outer_cache_flush_all
 .text.flush_dcache_all
                0x0000000022000508       0x10 arch/arm/cpu/armv7/built-in.o
                0x0000000022000508                flush_dcache_all
 .text.v7_outer_cache_inval_all
                0x0000000022000518        0x4 arch/arm/cpu/armv7/built-in.o
                0x0000000022000518                v7_outer_cache_inval_all
 .text.invalidate_dcache_all
                0x000000002200051c       0x10 arch/arm/cpu/armv7/built-in.o
                0x000000002200051c                invalidate_dcache_all
 .text.arm_init_before_mmu
                0x000000002200052c       0x28 arch/arm/cpu/armv7/built-in.o
                0x000000002200052c                arm_init_before_mmu
 .text.v7_outer_cache_flush_range
                0x0000000022000554        0x4 arch/arm/cpu/armv7/built-in.o
                0x0000000022000554                v7_outer_cache_flush_range
 .text.flush_dcache_range
                0x0000000022000558       0x54 arch/arm/cpu/armv7/built-in.o
                0x0000000022000558                flush_dcache_range
 .text.v7_outer_cache_inval_range
                0x00000000220005ac        0x4 arch/arm/cpu/armv7/built-in.o
                0x00000000220005ac                v7_outer_cache_inval_range
 .text.invalidate_dcache_range
                0x00000000220005b0       0x64 arch/arm/cpu/armv7/built-in.o
                0x00000000220005b0                invalidate_dcache_range
 .text.cpu_cache_initialization
                0x0000000022000614        0x4 arch/arm/cpu/armv7/built-in.o
                0x0000000022000614                cpu_cache_initialization
 .text.cleanup_before_linux_select
                0x0000000022000618       0x4c arch/arm/cpu/armv7/built-in.o
                0x0000000022000618                cleanup_before_linux_select
 .text.cleanup_before_linux
                0x0000000022000664        0x8 arch/arm/cpu/armv7/built-in.o
                0x0000000022000664                cleanup_before_linux
 *fill*         0x000000002200066c       0x14 
 .text          0x0000000022000680      0x528 arch/arm/lib/built-in.o
                0x0000000022000680                _main
                0x0000000022000720                memset
                0x00000000220007fc                memcpy
 .text.setjmp   0x0000000022000ba8       0x10 arch/arm/lib/built-in.o
                0x0000000022000ba8                setjmp
 .text.longjmp  0x0000000022000bb8       0x1c arch/arm/lib/built-in.o
                0x0000000022000bb8                longjmp
 .text.relocate_vectors
                0x0000000022000bd4       0x70 arch/arm/lib/built-in.o
                0x0000000022000bd4                relocate_vectors
                0x0000000022000be0                relocate_code
 .text.arch_fixup_fdt
                0x0000000022000c44       0x34 arch/arm/lib/built-in.o
                0x0000000022000c44                arch_fixup_fdt
 .text.boot_prep_linux
                0x0000000022000c78       0x4c arch/arm/lib/built-in.o
 .text.arch_lmb_reserve
                0x0000000022000cc4       0x3c arch/arm/lib/built-in.o
                0x0000000022000cc4                arch_lmb_reserve
 .text.board_quiesce_devices
                0x0000000022000d00        0x4 arch/arm/lib/built-in.o
                0x0000000022000d00                board_quiesce_devices
 .text.boot_jump_linux
                0x0000000022000d04       0xd0 arch/arm/lib/built-in.o
 .text.do_bootm_linux
                0x0000000022000dd4       0x58 arch/arm/lib/built-in.o
                0x0000000022000dd4                do_bootm_linux
 .text.boot_prep_vxworks
                0x0000000022000e2c       0x50 arch/arm/lib/built-in.o
                0x0000000022000e2c                boot_prep_vxworks
 .text.boot_jump_vxworks
                0x0000000022000e7c        0xc arch/arm/lib/built-in.o
                0x0000000022000e7c                boot_jump_vxworks
 .text.bootz_setup
                0x0000000022000e88       0x7c arch/arm/lib/built-in.o
                0x0000000022000e88                bootz_setup
 .text.arch_reserve_stacks
                0x0000000022000f04       0x1c arch/arm/lib/built-in.o
                0x0000000022000f04                arch_reserve_stacks
 .text.interrupt_init
                0x0000000022000f20       0x1c arch/arm/lib/built-in.o
                0x0000000022000f20                interrupt_init
 .text.enable_interrupts
                0x0000000022000f3c        0x4 arch/arm/lib/built-in.o
                0x0000000022000f3c                enable_interrupts
 .text.disable_interrupts
                0x0000000022000f40        0x8 arch/arm/lib/built-in.o
                0x0000000022000f40                disable_interrupts
 .text.bad_mode
                0x0000000022000f48       0x10 arch/arm/lib/built-in.o
                0x0000000022000f48                bad_mode
 .text.show_regs
                0x0000000022000f58      0x1cc arch/arm/lib/built-in.o
                0x0000000022000f58                show_regs
 .text.do_undefined_instruction
                0x0000000022001124       0x38 arch/arm/lib/built-in.o
                0x0000000022001124                do_undefined_instruction
 .text.do_software_interrupt
                0x000000002200115c       0x38 arch/arm/lib/built-in.o
                0x000000002200115c                do_software_interrupt
 .text.do_prefetch_abort
                0x0000000022001194       0x38 arch/arm/lib/built-in.o
                0x0000000022001194                do_prefetch_abort
 .text.do_data_abort
                0x00000000220011cc       0x38 arch/arm/lib/built-in.o
                0x00000000220011cc                do_data_abort
 .text.do_not_used
                0x0000000022001204       0x38 arch/arm/lib/built-in.o
                0x0000000022001204                do_not_used
 .text.do_fiq   0x000000002200123c       0x38 arch/arm/lib/built-in.o
                0x000000002200123c                do_fiq
 .text.do_irq   0x0000000022001274       0x38 arch/arm/lib/built-in.o
                0x0000000022001274                do_irq
 .text.reset_misc
                0x00000000220012ac        0x4 arch/arm/lib/built-in.o
                0x00000000220012ac                reset_misc
 .text.do_reset
                0x00000000220012b0       0x30 arch/arm/lib/built-in.o
                0x00000000220012b0                do_reset
 .text.flush_cache
                0x00000000220012e0        0x8 arch/arm/lib/built-in.o
                0x00000000220012e0                flush_cache
 .text.check_cache_range
                0x00000000220012e8       0x34 arch/arm/lib/built-in.o
                0x00000000220012e8                check_cache_range
 .text.arm_init_domains
                0x000000002200131c        0x4 arch/arm/lib/built-in.o
                0x000000002200131c                arm_init_domains
 .text.set_section_dcache
                0x0000000022001320       0x14 arch/arm/lib/built-in.o
                0x0000000022001320                set_section_dcache
 .text.dram_bank_mmu_setup
                0x0000000022001334       0x40 arch/arm/lib/built-in.o
                0x0000000022001334                dram_bank_mmu_setup
 .text.icache_enable
                0x0000000022001374       0x14 arch/arm/lib/built-in.o
                0x0000000022001374                icache_enable
 .text.icache_disable
                0x0000000022001388       0x18 arch/arm/lib/built-in.o
                0x0000000022001388                icache_disable
 .text.dcache_enable
                0x00000000220013a0       0x80 arch/arm/lib/built-in.o
                0x00000000220013a0                dcache_enable
 .text.dcache_disable
                0x0000000022001420       0x28 arch/arm/lib/built-in.o
                0x0000000022001420                dcache_disable
 .text.dcache_status
                0x0000000022001448        0xc arch/arm/lib/built-in.o
                0x0000000022001448                dcache_status
 .text.at91_periph_clk_enable
                0x0000000022001454       0x3c arch/arm/mach-at91/built-in.o
                0x0000000022001454                at91_periph_clk_enable
 .text._cpu_is_sama5d2
                0x0000000022001490       0x24 arch/arm/mach-at91/built-in.o
                0x0000000022001490                _cpu_is_sama5d2
 .text.get_cpu_name
                0x00000000220014b4      0x174 arch/arm/mach-at91/built-in.o
                0x00000000220014b4                get_cpu_name
 .text.at91_clock_init
                0x0000000022001628       0xf0 arch/arm/mach-at91/built-in.o
                0x0000000022001628                at91_clock_init
 .text.arch_cpu_init
                0x0000000022001718        0xc arch/arm/mach-at91/built-in.o
                0x0000000022001718                arch_cpu_init
 .text.arch_preboot_os
                0x0000000022001724       0x24 arch/arm/mach-at91/built-in.o
                0x0000000022001724                arch_preboot_os
 .text.print_cpuinfo
                0x0000000022001748       0x7c arch/arm/mach-at91/built-in.o
                0x0000000022001748                print_cpuinfo
 .text.enable_caches
                0x00000000220017c4       0x10 arch/arm/mach-at91/built-in.o
                0x00000000220017c4                enable_caches
 .text.get_chip_id
                0x00000000220017d4       0x18 arch/arm/mach-at91/built-in.o
                0x00000000220017d4                get_chip_id
 .text.get_extension_chip_id
                0x00000000220017ec       0x14 arch/arm/mach-at91/built-in.o
                0x00000000220017ec                get_extension_chip_id
 .text.reset_cpu
                0x0000000022001800       0x1c arch/arm/mach-at91/built-in.o
                0x0000000022001800                reset_cpu
 .text.at91_pda_detect
                0x000000002200181c       0xe4 board/atmel/common/built-in.o
                0x000000002200181c                at91_pda_detect
 .text.at91_set_ethaddr
                0x0000000022001900       0xa8 board/atmel/common/built-in.o
                0x0000000022001900                at91_set_ethaddr
 .text.board_late_init
                0x00000000220019a8       0x10 board/atmel/rugged_board_a5d2x/built-in.o
                0x00000000220019a8                board_late_init
 .text.board_debug_uart_init
                0x00000000220019b8       0x30 board/atmel/rugged_board_a5d2x/built-in.o
                0x00000000220019b8                board_debug_uart_init
 .text.board_early_init_f
                0x00000000220019e8       0x10 board/atmel/rugged_board_a5d2x/built-in.o
                0x00000000220019e8                board_early_init_f
 .text.board_init
                0x00000000220019f8       0x2c board/atmel/rugged_board_a5d2x/built-in.o
                0x00000000220019f8                board_init
 .text.dram_init
                0x0000000022001a24       0x1c board/atmel/rugged_board_a5d2x/built-in.o
                0x0000000022001a24                dram_init
 .text.misc_init_r
                0x0000000022001a40       0x14 board/atmel/rugged_board_a5d2x/built-in.o
                0x0000000022001a40                misc_init_r
 .text.do_go_exec
                0x0000000022001a54       0x10 cmd/built-in.o
                0x0000000022001a54                do_go_exec
 .text.do_go    0x0000000022001a64       0x6c cmd/built-in.o
 .text.do_bootm
                0x0000000022001ad0      0x108 cmd/built-in.o
                0x0000000022001ad0                do_bootm
 .text.do_bootd
                0x0000000022001bd8       0x20 cmd/built-in.o
                0x0000000022001bd8                do_bootd
 .text.image_info
                0x0000000022001bf8      0x11c cmd/built-in.o
 .text.do_iminfo
                0x0000000022001d14       0x54 cmd/built-in.o
 .text.bootm_maybe_autostart
                0x0000000022001d68       0x78 cmd/built-in.o
                0x0000000022001d68                bootm_maybe_autostart
 .text.do_help  0x0000000022001de0       0x44 cmd/built-in.o
 .text.do_version
                0x0000000022001e24       0x40 cmd/built-in.o
 .text.blk_common_cmd
                0x0000000022001e64      0x310 cmd/built-in.o
                0x0000000022001e64                blk_common_cmd
 .text.source   0x0000000022002174      0x1c4 cmd/built-in.o
                0x0000000022002174                source
 .text.do_source
                0x0000000022002338       0x74 cmd/built-in.o
 .text.print_num
                0x00000000220023ac       0x14 cmd/built-in.o
 .text.do_bdinfo
                0x00000000220023c0       0xfc cmd/built-in.o
 .text.do_blkcache
                0x00000000220024bc       0x68 cmd/built-in.o
 .text.blkc_configure
                0x0000000022002524       0x68 cmd/built-in.o
 .text.blkc_show
                0x000000002200258c       0x40 cmd/built-in.o
 .text.efi_install_fdt
                0x00000000220025cc      0x248 cmd/built-in.o
 .text.do_bootefi_exec
                0x0000000022002814      0x290 cmd/built-in.o
 .text.efi_init_obj_list
                0x0000000022002aa4       0x7c cmd/built-in.o
                0x0000000022002aa4                efi_init_obj_list
 .text.do_bootefi
                0x0000000022002b20      0x168 cmd/built-in.o
 .text.efi_set_bootdev
                0x0000000022002c88       0xf4 cmd/built-in.o
                0x0000000022002c88                efi_set_bootdev
 .text.do_bootz
                0x0000000022002d7c       0xfc cmd/built-in.o
                0x0000000022002d7c                do_bootz
 .text.do_coninfo
                0x0000000022002e78       0xb0 cmd/built-in.o
 .text.do_echo  0x0000000022002f28       0xb4 cmd/built-in.o
 .text.load_elf_image_phdr
                0x0000000022002fdc      0x118 cmd/built-in.o
 .text.valid_elf_image
                0x00000000220030f4       0x4c cmd/built-in.o
                0x00000000220030f4                valid_elf_image
 .text.do_bootelf
                0x0000000022003140      0x1cc cmd/built-in.o
                0x0000000022003140                do_bootelf
 .text.do_bootvx
                0x000000002200330c      0x314 cmd/built-in.o
                0x000000002200330c                do_bootvx
 .text.do_exit  0x0000000022003620       0x48 cmd/built-in.o
 .text.do_ext4_size
                0x0000000022003668       0x18 cmd/built-in.o
                0x0000000022003668                do_ext4_size
 .text.do_ext4_load
                0x0000000022003680       0x18 cmd/built-in.o
                0x0000000022003680                do_ext4_load
 .text.do_ext4_ls
                0x0000000022003698       0x18 cmd/built-in.o
                0x0000000022003698                do_ext4_ls
 .text.do_fat_size
                0x00000000220036b0       0x18 cmd/built-in.o
                0x00000000220036b0                do_fat_size
 .text.do_fat_fsload
                0x00000000220036c8       0x18 cmd/built-in.o
                0x00000000220036c8                do_fat_fsload
 .text.do_fat_ls
                0x00000000220036e0       0x18 cmd/built-in.o
 .text.do_fat_fswrite
                0x00000000220036f8      0x124 cmd/built-in.o
 .text.do_fat_fsinfo
                0x000000002200381c       0x8c cmd/built-in.o
 .text.fdt_valid
                0x00000000220038a8       0xbc cmd/built-in.o
 .text.is_printable_string
                0x0000000022003964       0x88 cmd/built-in.o
 .text.print_data
                0x00000000220039ec      0x170 cmd/built-in.o
 .text.set_working_fdt_addr
                0x0000000022003b5c       0x1c cmd/built-in.o
                0x0000000022003b5c                set_working_fdt_addr
 .text.do_fdt   0x0000000022003b78      0xf90 cmd/built-in.o
 .text.do_i2c   0x0000000022004b08       0x68 cmd/built-in.o
 .text.i2c_get_cur_bus
                0x0000000022004b70       0x38 cmd/built-in.o
 .text.do_i2c_bus_speed
                0x0000000022004ba8       0x98 cmd/built-in.o
 .text.do_i2c_reset
                0x0000000022004c40       0x3c cmd/built-in.o
 .text.i2c_get_cur_bus_chip
                0x0000000022004c7c       0x38 cmd/built-in.o
 .text.do_i2c_olen
                0x0000000022004cb4       0xb4 cmd/built-in.o
 .text.do_i2c_flags
                0x0000000022004d68       0xb8 cmd/built-in.o
 .text.do_i2c_probe
                0x0000000022004e20       0xc4 cmd/built-in.o
 .text.do_i2c_bus_num
                0x0000000022004ee4       0xa4 cmd/built-in.o
 .text.show_bus
                0x0000000022004f88       0x9c cmd/built-in.o
 .text.do_i2c_show_bus
                0x0000000022005024       0xb0 cmd/built-in.o
 .text.get_alen.constprop.4
                0x00000000220050d4       0x3c cmd/built-in.o
 .text.do_i2c_crc
                0x0000000022005110      0x170 cmd/built-in.o
 .text.mod_i2c_mem.isra.1
                0x0000000022005280      0x228 cmd/built-in.o
 .text.do_i2c_nm
                0x00000000220054a8        0x8 cmd/built-in.o
 .text.do_i2c_mm
                0x00000000220054b0        0x8 cmd/built-in.o
 .text.do_i2c_md
                0x00000000220054b8      0x220 cmd/built-in.o
 .text.do_i2c_read
                0x00000000220056d8       0xf4 cmd/built-in.o
 .text.do_i2c_mw
                0x00000000220057cc      0x134 cmd/built-in.o
 .text.do_i2c_write
                0x0000000022005900      0x1a0 cmd/built-in.o
 .text.do_i2c_loop
                0x0000000022005aa0      0x144 cmd/built-in.o
 .text.evalexp  0x0000000022005be4       0x7c cmd/built-in.o
 .text.evalstr  0x0000000022005c60       0x64 cmd/built-in.o
 .text.binary_test
                0x0000000022005cc4      0x1c0 cmd/built-in.o
 .text.do_itest
                0x0000000022005e84       0x88 cmd/built-in.o
 .text.bin_data_init
                0x0000000022005f0c       0x2c cmd/built-in.o
 .text.k_data_save
                0x0000000022005f38       0x4c cmd/built-in.o
 .text.k_data_restore
                0x0000000022005f84       0x4c cmd/built-in.o
 .text.load_serial_ymodem
                0x0000000022005fd0       0xcc cmd/built-in.o
 .text.getcxmodem
                0x000000002200609c       0x20 cmd/built-in.o
 .text.bin_data_char
                0x00000000220060bc       0x2c cmd/built-in.o
 .text.chk1.constprop.2
                0x00000000220060e8       0x30 cmd/built-in.o
 .text.s1_sendpacket.constprop.3
                0x0000000022006118       0x4c cmd/built-in.o
 .text.do_load_serial_bin
                0x0000000022006164      0x790 cmd/built-in.o
 .text.do_mem_mw
                0x00000000220068f4       0xc0 cmd/built-in.o
 .text.do_mem_loop
                0x00000000220069b4       0xec cmd/built-in.o
 .text.do_mem_md
                0x0000000022006aa0       0xe8 cmd/built-in.o
 .text.do_mem_cmp
                0x0000000022006b88      0x154 cmd/built-in.o
 .text.do_mem_base
                0x0000000022006cdc       0x40 cmd/built-in.o
 .text.do_mem_cp
                0x0000000022006d1c       0xa8 cmd/built-in.o
 .text.do_mem_crc
                0x0000000022006dc4       0x48 cmd/built-in.o
 .text.mod_mem.isra.0
                0x0000000022006e0c      0x170 cmd/built-in.o
 .text.do_mem_mm
                0x0000000022006f7c        0x8 cmd/built-in.o
 .text.do_mem_nm
                0x0000000022006f84        0x8 cmd/built-in.o
 .text.do_sleep
                0x0000000022006f8c       0xcc cmd/built-in.o
 .text.do_mmcops
                0x0000000022007058       0xb8 cmd/built-in.o
 .text.init_mmc_device
                0x0000000022007110       0x50 cmd/built-in.o
 .text.do_mmc_rescan
                0x0000000022007160       0x24 cmd/built-in.o
 .text.do_mmc_hwpartition
                0x0000000022007184      0x50c cmd/built-in.o
 .text.do_mmc_list
                0x0000000022007690       0x14 cmd/built-in.o
 .text.do_mmc_dev
                0x00000000220076a4      0x134 cmd/built-in.o
 .text.do_mmc_erase
                0x00000000220077d8       0xe8 cmd/built-in.o
 .text.do_mmc_write
                0x00000000220078c0      0x100 cmd/built-in.o
 .text.do_mmc_read
                0x00000000220079c0       0xe0 cmd/built-in.o
 .text.do_mmcinfo
                0x0000000022007aa0      0x3a4 cmd/built-in.o
 .text.do_mmc_setdsr
                0x0000000022007e44       0xa8 cmd/built-in.o
 .text.do_mmc_part
                0x0000000022007eec       0x60 cmd/built-in.o
 .text.netboot_common
                0x0000000022007f4c      0x2a8 cmd/built-in.o
 .text.do_bootp
                0x00000000220081f4        0xc cmd/built-in.o
 .text.do_dhcp  0x0000000022008200        0xc cmd/built-in.o
 .text.do_nfs   0x000000002200820c        0xc cmd/built-in.o
 .text.do_tftpb
                0x0000000022008218       0x40 cmd/built-in.o
                0x0000000022008218                do_tftpb
 .text.do_ping  0x0000000022008258       0x78 cmd/built-in.o
 .text.bytes_per_second
                0x00000000220082d0       0x50 cmd/built-in.o
 .text.do_spi_flash
                0x0000000022008320      0x874 cmd/built-in.o
 .text.substitute
                0x0000000022008b94       0xf0 cmd/built-in.o
 .text.get_arg  0x0000000022008c84       0x58 cmd/built-in.o
 .text.regex_sub.part.1
                0x0000000022008cdc      0x47c cmd/built-in.o
 .text.do_setexpr
                0x0000000022009158      0x194 cmd/built-in.o
 .text.do_false
                0x00000000220092ec        0x8 cmd/built-in.o
 .text.do_true  0x00000000220092f4        0x8 cmd/built-in.o
 .text.do_test  0x00000000220092fc      0x328 cmd/built-in.o
 .text.usb_get_class_desc
                0x0000000022009624       0xbc cmd/built-in.o
 .text.usb_display_class_sub
                0x00000000220096e0      0x170 cmd/built-in.o
 .text.usb_display_desc
                0x0000000022009850      0x150 cmd/built-in.o
 .text.usb_show_tree_graph
                0x00000000220099a0      0x228 cmd/built-in.o
 .text.usb_show_subtree
                0x0000000022009bc8       0x30 cmd/built-in.o
 .text.usb_for_each_root_dev
                0x0000000022009bf8       0x6c cmd/built-in.o
 .text.usb_display_string
                0x0000000022009c64       0x44 cmd/built-in.o
 .text.usb_display_config
                0x0000000022009ca8      0x210 cmd/built-in.o
 .text.usb_show_info
                0x0000000022009eb8       0x74 cmd/built-in.o
 .text.usb_find_device
                0x0000000022009f2c       0xb4 cmd/built-in.o
 .text.do_usbboot
                0x0000000022009fe0        0xc cmd/built-in.o
 .text.do_usb_start
                0x0000000022009fec       0x30 cmd/built-in.o
 .text.usb_show_tree
                0x000000002200a01c        0xc cmd/built-in.o
                0x000000002200a01c                usb_show_tree
 .text.do_usb   0x000000002200a028      0x3e0 cmd/built-in.o
 .text.common_diskboot
                0x000000002200a408      0x294 cmd/built-in.o
                0x000000002200a408                common_diskboot
 .text.do_imgextract
                0x000000002200a69c      0x3c0 cmd/built-in.o
 .text.w1_read  0x000000002200aa5c      0x1f4 cmd/built-in.o
 .text.do_w1    0x000000002200ac50      0x154 cmd/built-in.o
                0x000000002200ac50                do_w1
 .text.do_env_delete
                0x000000002200ada4       0xa0 cmd/built-in.o
 .text.do_env_exists
                0x000000002200ae44       0x64 cmd/built-in.o
 .text.do_env_save
                0x000000002200aea8       0x14 cmd/built-in.o
 .text.do_env   0x000000002200aebc       0x68 cmd/built-in.o
 .text.env_print
                0x000000002200af24       0xc4 cmd/built-in.o
 .text.do_env_print
                0x000000002200afe8       0xc0 cmd/built-in.o
 .text.do_env_import
                0x000000002200b0a8      0x264 cmd/built-in.o
 .text.do_env_default
                0x000000002200b30c       0x9c cmd/built-in.o
 .text._do_env_set.isra.0
                0x000000002200b3a8      0x1b4 cmd/built-in.o
 .text.do_env_set
                0x000000002200b55c       0x20 cmd/built-in.o
 .text.get_env_id
                0x000000002200b57c       0x10 cmd/built-in.o
                0x000000002200b57c                get_env_id
 .text.env_set  0x000000002200b58c       0x60 cmd/built-in.o
                0x000000002200b58c                env_set
 .text.env_set_ulong
                0x000000002200b5ec       0x20 cmd/built-in.o
                0x000000002200b5ec                env_set_ulong
 .text.env_set_hex
                0x000000002200b60c       0x34 cmd/built-in.o
                0x000000002200b60c                env_set_hex
 .text.do_env_export
                0x000000002200b640      0x220 cmd/built-in.o
 .text.eth_parse_enetaddr
                0x000000002200b860       0x5c cmd/built-in.o
                0x000000002200b860                eth_parse_enetaddr
 .text.envmatch
                0x000000002200b8bc       0x6c cmd/built-in.o
                0x000000002200b8bc                envmatch
 .text.env_get_f
                0x000000002200b928       0xdc cmd/built-in.o
                0x000000002200b928                env_get_f
 .text.env_get  0x000000002200ba04       0x78 cmd/built-in.o
                0x000000002200ba04                env_get
 .text.env_get_hex
                0x000000002200ba7c       0x3c cmd/built-in.o
                0x000000002200ba7c                env_get_hex
 .text.eth_env_get_enetaddr
                0x000000002200bab8       0x5c cmd/built-in.o
                0x000000002200bab8                eth_env_get_enetaddr
 .text.eth_env_set_enetaddr
                0x000000002200bb14       0x4c cmd/built-in.o
                0x000000002200bb14                eth_env_set_enetaddr
 .text.env_get_ulong
                0x000000002200bb60       0x30 cmd/built-in.o
                0x000000002200bb60                env_get_ulong
 .text.do_env_edit.part.3
                0x000000002200bb90       0xa4 cmd/built-in.o
 .text.do_env_edit
                0x000000002200bc34       0x2c cmd/built-in.o
 .text.board_init_f_alloc_reserve
                0x000000002200bc60       0x10 common/built-in.o
                0x000000002200bc60                board_init_f_alloc_reserve
 .text.board_init_f_init_reserve
                0x000000002200bc70       0x20 common/built-in.o
                0x000000002200bc70                board_init_f_init_reserve
 .text.show_boot_progress
                0x000000002200bc90        0x8 common/built-in.o
                0x000000002200bc90                show_boot_progress
 .text.main_loop
                0x000000002200bc98       0x4c common/built-in.o
                0x000000002200bc98                main_loop
 .text.mdelay   0x000000002200bce4       0x1c common/built-in.o
 .text.dummy    0x000000002200bd00        0x4 common/built-in.o
 .text.get_version
                0x000000002200bd04        0x8 common/built-in.o
                0x000000002200bd04                get_version
 .text.jumptable_init
                0x000000002200bd0c      0x1e0 common/built-in.o
                0x000000002200bd0c                jumptable_init
 .text.hash_finish_crc32
                0x000000002200beec       0x30 common/built-in.o
 .text.hash_update_crc32
                0x000000002200bf1c       0x24 common/built-in.o
 .text.hash_init_crc32
                0x000000002200bf40       0x24 common/built-in.o
 .text.hash_finish_sha256
                0x000000002200bf64       0x38 common/built-in.o
 .text.hash_update_sha256
                0x000000002200bf9c       0x1c common/built-in.o
 .text.hash_init_sha256
                0x000000002200bfb8       0x24 common/built-in.o
 .text.hash_finish_sha1
                0x000000002200bfdc       0x38 common/built-in.o
 .text.hash_update_sha1
                0x000000002200c014       0x1c common/built-in.o
 .text.hash_init_sha1
                0x000000002200c030       0x24 common/built-in.o
 .text.hash_lookup_algo
                0x000000002200c054       0x54 common/built-in.o
                0x000000002200c054                hash_lookup_algo
 .text.hash_command
                0x000000002200c0a8      0x1cc common/built-in.o
                0x000000002200c0a8                hash_command
 .text.b_reset  0x000000002200c274       0x1c common/built-in.o
 .text.static_get
                0x000000002200c290       0x1c common/built-in.o
 .text.static_peek
                0x000000002200c2ac        0xc common/built-in.o
 .text.mapset   0x000000002200c2b8       0x20 common/built-in.o
 .text.syntax_err
                0x000000002200c2d8        0xc common/built-in.o
 .text.free_pipe_list
                0x000000002200c2e4       0xe4 common/built-in.o
 .text.xmalloc  0x000000002200c3c8       0x20 common/built-in.o
 .text.new_pipe
                0x000000002200c3e8       0x28 common/built-in.o
 .text.xrealloc
                0x000000002200c410       0x20 common/built-in.o
 .text.done_command
                0x000000002200c430       0x88 common/built-in.o
 .text.done_pipe
                0x000000002200c4b8       0x48 common/built-in.o
 .text.done_word
                0x000000002200c500      0x2cc common/built-in.o
 .text.is_assignment
                0x000000002200c7cc       0x5c common/built-in.o
 .text.file_get
                0x000000002200c828      0x1ec common/built-in.o
 .text.do_showvar
                0x000000002200ca14      0x100 common/built-in.o
 .text.b_addchr
                0x000000002200cb14       0x80 common/built-in.o
 .text.b_addqchr
                0x000000002200cb94       0x50 common/built-in.o
 .text.file_peek
                0x000000002200cbe4        0xc common/built-in.o
 .text.get_local_var
                0x000000002200cbf0       0x94 common/built-in.o
                0x000000002200cbf0                get_local_var
 .text.set_local_var
                0x000000002200cc84      0x1a8 common/built-in.o
                0x000000002200cc84                set_local_var
 .text.insert_var_value_sub
                0x000000002200ce2c      0x2b8 common/built-in.o
 .text.parse_string_outer
                0x000000002200d0e4       0xe8 common/built-in.o
                0x000000002200d0e4                parse_string_outer
 .text.run_list_real
                0x000000002200d1cc      0x7b0 common/built-in.o
 .text.parse_stream_outer
                0x000000002200d97c      0x6c0 common/built-in.o
 .text.parse_file_outer
                0x000000002200e03c       0x44 common/built-in.o
                0x000000002200e03c                parse_file_outer
 .text.u_boot_hush_start
                0x000000002200e080       0x54 common/built-in.o
                0x000000002200e080                u_boot_hush_start
 .text.bootdelay_process
                0x000000002200e0d4       0xbc common/built-in.o
                0x000000002200e0d4                bootdelay_process
 .text.autoboot_command
                0x000000002200e190       0xf4 common/built-in.o
                0x000000002200e190                autoboot_command
 .text.log_init
                0x000000002200e284       0x10 common/built-in.o
 .text.display_text_info
                0x000000002200e294        0x8 common/built-in.o
 .text.setup_mon_len
                0x000000002200e29c       0x20 common/built-in.o
 .text.reserve_round_4k
                0x000000002200e2bc       0x18 common/built-in.o
 .text.reserve_mmu
                0x000000002200e2d4       0x38 common/built-in.o
                0x000000002200e2d4                reserve_mmu
 .text.reserve_uboot
                0x000000002200e30c       0x40 common/built-in.o
 .text.reserve_malloc
                0x000000002200e34c       0x14 common/built-in.o
 .text.reserve_global_data
                0x000000002200e360       0x1c common/built-in.o
 .text.reserve_fdt
                0x000000002200e37c       0x4c common/built-in.o
 .text.dram_init_banksize
                0x000000002200e3c8       0x24 common/built-in.o
                0x000000002200e3c8                dram_init_banksize
 .text.setup_reloc
                0x000000002200e3ec       0x3c common/built-in.o
 .text.reloc_fdt
                0x000000002200e428       0x44 common/built-in.o
 .text.reserve_board
                0x000000002200e46c       0x40 common/built-in.o
 .text.announce_dram_init
                0x000000002200e4ac       0x18 common/built-in.o
 .text.init_baud_rate
                0x000000002200e4c4       0x2c common/built-in.o
 .text.initf_dm
                0x000000002200e4f0        0x8 common/built-in.o
 .text.initf_bootstage
                0x000000002200e4f8       0x14 common/built-in.o
 .text.arch_cpu_init_dm
                0x000000002200e50c        0x8 common/built-in.o
                0x000000002200e50c                arch_cpu_init_dm
 .text.mach_cpu_init
                0x000000002200e514        0x8 common/built-in.o
                0x000000002200e514                mach_cpu_init
 .text.reserve_video
                0x000000002200e51c        0x8 common/built-in.o
 .text.reserve_trace
                0x000000002200e524        0x8 common/built-in.o
 .text.setup_machine
                0x000000002200e52c        0x8 common/built-in.o
 .text.reserve_bootstage
                0x000000002200e534        0x8 common/built-in.o
 .text.display_new_sp
                0x000000002200e53c        0x8 common/built-in.o
 .text.reloc_bootstage
                0x000000002200e544        0x8 common/built-in.o
 .text.initf_console_record
                0x000000002200e54c        0x8 common/built-in.o
 .text.reserve_arch
                0x000000002200e554        0x8 common/built-in.o
                0x000000002200e554                reserve_arch
 .text.coloured_LED_init
                0x000000002200e55c        0x4 common/built-in.o
                0x000000002200e55c                coloured_LED_init
 .text.red_led_on
                0x000000002200e560        0x4 common/built-in.o
                0x000000002200e560                red_led_on
 .text.board_add_ram_info
                0x000000002200e564        0x4 common/built-in.o
                0x000000002200e564                board_add_ram_info
 .text.show_dram_config
                0x000000002200e568       0x38 common/built-in.o
 .text.board_get_usable_ram_top
                0x000000002200e5a0       0x14 common/built-in.o
                0x000000002200e5a0                board_get_usable_ram_top
 .text.setup_dest_addr
                0x000000002200e5b4       0x3c common/built-in.o
 .text.reserve_stacks
                0x000000002200e5f0       0x1c common/built-in.o
 .text.board_init_f
                0x000000002200e60c       0x28 common/built-in.o
                0x000000002200e60c                board_init_f
 .text.initr_trace
                0x000000002200e634        0x8 common/built-in.o
 .text.initr_reloc
                0x000000002200e63c       0x18 common/built-in.o
 .text.run_main_loop
                0x000000002200e654        0xc common/built-in.o
 .text.initr_net
                0x000000002200e660       0x1c common/built-in.o
 .text.initr_ethaddr
                0x000000002200e67c       0x20 common/built-in.o
 .text.initr_enable_interrupts
                0x000000002200e69c       0x10 common/built-in.o
 .text.initr_jumptable
                0x000000002200e6ac       0x10 common/built-in.o
 .text.initr_env
                0x000000002200e6bc       0x64 common/built-in.o
 .text.initr_mmc
                0x000000002200e720       0x20 common/built-in.o
 .text.initr_serial
                0x000000002200e740       0x10 common/built-in.o
 .text.initr_dm
                0x000000002200e750       0x18 common/built-in.o
 .text.initr_bootstage
                0x000000002200e768       0x14 common/built-in.o
 .text.initr_malloc
                0x000000002200e77c       0x1c common/built-in.o
 .text.initr_reloc_global_data
                0x000000002200e798       0x38 common/built-in.o
 .text.initr_caches
                0x000000002200e7d0       0x10 common/built-in.o
 .text.bootstage_relocate
                0x000000002200e7e0        0x8 common/built-in.o
 .text.initr_barrier
                0x000000002200e7e8        0x8 common/built-in.o
 .text.initr_console_record
                0x000000002200e7f0        0x8 common/built-in.o
 .text.power_init_board
                0x000000002200e7f8        0x8 common/built-in.o
                0x000000002200e7f8                power_init_board
 .text.initr_announce
                0x000000002200e800        0x8 common/built-in.o
 .text.cpu_secondary_init_r
                0x000000002200e808        0x4 common/built-in.o
                0x000000002200e808                cpu_secondary_init_r
 .text.initr_secondary_cpu
                0x000000002200e80c       0x10 common/built-in.o
 .text.board_init_r
                0x000000002200e81c       0x20 common/built-in.o
                0x000000002200e81c                board_init_r
 .text.bootm_find_images
                0x000000002200e83c       0xd4 common/built-in.o
                0x000000002200e83c                bootm_find_images
 .text.bootm_decomp_image
                0x000000002200e910      0x140 common/built-in.o
                0x000000002200e910                bootm_decomp_image
 .text.bootm_disable_interrupts
                0x000000002200ea50       0x18 common/built-in.o
                0x000000002200ea50                bootm_disable_interrupts
 .text.do_bootm_states
                0x000000002200ea68      0x8ac common/built-in.o
                0x000000002200ea68                do_bootm_states
 .text.copy_args
                0x000000002200f314       0x4c common/built-in.o
 .text.do_bootm_rtems
                0x000000002200f360       0x54 common/built-in.o
 .text.do_bootm_plan9
                0x000000002200f3b4       0xb8 common/built-in.o
 .text.do_bootm_standalone
                0x000000002200f46c       0x64 common/built-in.o
 .text.do_bootm_qnxelf
                0x000000002200f4d0       0x8c common/built-in.o
 .text.do_bootm_netbsd
                0x000000002200f55c      0x104 common/built-in.o
 .text.do_bootvx_fdt
                0x000000002200f660      0x114 common/built-in.o
                0x000000002200f660                do_bootvx_fdt
 .text.do_bootm_vxworks
                0x000000002200f774       0x38 common/built-in.o
 .text.boot_selected_os
                0x000000002200f7ac       0x58 common/built-in.o
                0x000000002200f7ac                boot_selected_os
 .text.bootm_os_get_boot_func
                0x000000002200f804       0x10 common/built-in.o
                0x000000002200f804                bootm_os_get_boot_func
 .text.of_bus_default_map
                0x000000002200f814       0xdc common/built-in.o
 .text.of_bus_default_translate
                0x000000002200f8f0       0xa4 common/built-in.o
 .text.fdt_support_default_count_cells
                0x000000002200f994       0x58 common/built-in.o
                0x000000002200f994                fdt_support_default_count_cells
 .text.fdt_find_and_setprop
                0x000000002200f9ec       0x70 common/built-in.o
                0x000000002200f9ec                fdt_find_and_setprop
 .text.fdt_find_or_add_subnode
                0x000000002200fa5c       0x60 common/built-in.o
                0x000000002200fa5c                fdt_find_or_add_subnode
 .text.fdt_root
                0x000000002200fabc       0x90 common/built-in.o
                0x000000002200fabc                fdt_root
 .text.fdt_initrd
                0x000000002200fb4c      0x1d0 common/built-in.o
                0x000000002200fb4c                fdt_initrd
 .text.fdt_chosen
                0x000000002200fd1c       0xa8 common/built-in.o
                0x000000002200fd1c                fdt_chosen
 .text.do_fixup_by_path
                0x000000002200fdc4       0x54 common/built-in.o
                0x000000002200fdc4                do_fixup_by_path
 .text.fdt_fixup_memory_banks
                0x000000002200fe18      0x200 common/built-in.o
                0x000000002200fe18                fdt_fixup_memory_banks
 .text.fdt_fixup_memory
                0x0000000022010018       0x20 common/built-in.o
                0x0000000022010018                fdt_fixup_memory
 .text.fdt_fixup_ethernet
                0x0000000022010038      0x1b8 common/built-in.o
                0x0000000022010038                fdt_fixup_ethernet
 .text.fdt_shrink_to_minimum
                0x00000000220101f0       0xd4 common/built-in.o
                0x00000000220101f0                fdt_shrink_to_minimum
 .text.fdt_translate_address
                0x00000000220102c4      0x294 common/built-in.o
                0x00000000220102c4                fdt_translate_address
 .text.fdt_overlay_apply_verbose
                0x0000000022010558       0x6c common/built-in.o
                0x0000000022010558                fdt_overlay_apply_verbose
 .text.miiphy_get_dev_by_name
                0x00000000220105c4       0x58 common/built-in.o
                0x00000000220105c4                miiphy_get_dev_by_name
 .text.miiphy_init
                0x000000002201061c       0x24 common/built-in.o
                0x000000002201061c                miiphy_init
 .text.mdio_alloc
                0x0000000022010640       0x30 common/built-in.o
                0x0000000022010640                mdio_alloc
 .text.mdio_free
                0x0000000022010670        0x4 common/built-in.o
                0x0000000022010670                mdio_free
 .text.mdio_register
                0x0000000022010674       0x88 common/built-in.o
                0x0000000022010674                mdio_register
 .text.mdio_unregister
                0x00000000220106fc       0x3c common/built-in.o
                0x00000000220106fc                mdio_unregister
 .text.usb_set_maxpacket_ep
                0x0000000022010738       0x78 common/built-in.o
 .text.usb_control_msg
                0x00000000220107b0       0x9c common/built-in.o
                0x00000000220107b0                usb_control_msg
 .text.usb_get_descriptor
                0x000000002201084c       0x58 common/built-in.o
 .text.get_descriptor_len
                0x00000000220108a4       0x90 common/built-in.o
 .text.usb_setup_descriptor
                0x0000000022010934       0xd8 common/built-in.o
 .text.usb_get_string
                0x0000000022010a0c       0x78 common/built-in.o
 .text.usb_string_sub
                0x0000000022010a84      0x104 common/built-in.o
 .text.usb_bulk_msg
                0x0000000022010b88       0x70 common/built-in.o
                0x0000000022010b88                usb_bulk_msg
 .text.usb_maxpacket
                0x0000000022010bf8       0x18 common/built-in.o
                0x0000000022010bf8                usb_maxpacket
 .text.usb_clear_halt
                0x0000000022010c10       0x90 common/built-in.o
                0x0000000022010c10                usb_clear_halt
 .text.usb_get_configuration_len
                0x0000000022010ca0       0x74 common/built-in.o
                0x0000000022010ca0                usb_get_configuration_len
 .text.usb_get_configuration_no
                0x0000000022010d14       0x34 common/built-in.o
                0x0000000022010d14                usb_get_configuration_no
 .text.usb_set_interface
                0x0000000022010d48       0xb4 common/built-in.o
                0x0000000022010d48                usb_set_interface
 .text.usb_string
                0x0000000022010dfc      0x104 common/built-in.o
                0x0000000022010dfc                usb_string
 .text.usb_select_config
                0x0000000022010f00      0x470 common/built-in.o
                0x0000000022010f00                usb_select_config
 .text.usb_setup_device
                0x0000000022011370      0x104 common/built-in.o
                0x0000000022011370                usb_setup_device
 .text.usb_device_has_child_on_port
                0x0000000022011474        0x8 common/built-in.o
                0x0000000022011474                usb_device_has_child_on_port
 .text.usb_find_usb2_hub_address_port
                0x000000002201147c       0x74 common/built-in.o
                0x000000002201147c                usb_find_usb2_hub_address_port
 .text.usb_set_port_feature
                0x00000000220114f0       0x4c common/built-in.o
 .text.usb_clear_port_feature
                0x000000002201153c       0x4c common/built-in.o
 .text.usb_get_hub_descriptor
                0x0000000022011588       0x5c common/built-in.o
 .text.usb_hub_reset_devices
                0x00000000220115e4        0x4 common/built-in.o
                0x00000000220115e4                usb_hub_reset_devices
 .text.usb_hub_is_root_hub
                0x00000000220115e8       0x18 common/built-in.o
                0x00000000220115e8                usb_hub_is_root_hub
 .text.usb_get_port_status
                0x0000000022011600       0xac common/built-in.o
                0x0000000022011600                usb_get_port_status
 .text.usb_hub_port_connect_change
                0x00000000220116ac      0x16c common/built-in.o
                0x00000000220116ac                usb_hub_port_connect_change
 .text.usb_hub_configure
                0x0000000022011818      0x5c0 common/built-in.o
 .text.usb_hub_scan
                0x0000000022011dd8       0x10 common/built-in.o
                0x0000000022011dd8                usb_hub_scan
 .text.usb_hub_post_probe
                0x0000000022011de8        0x4 common/built-in.o
 .text.usb_stor_irq
                0x0000000022011dec       0x1c common/built-in.o
 .text.usb_stor_BBB_reset
                0x0000000022011e08      0x108 common/built-in.o
 .text.usb_stor_CB_reset
                0x0000000022011f10       0xdc common/built-in.o
 .text.usb_stor_BBB_clear_endpt_stall.isra.0
                0x0000000022011fec       0x40 common/built-in.o
 .text.usb_stor_BBB_transport
                0x000000002201202c      0x284 common/built-in.o
 .text.usb_stor_CB_comdat
                0x00000000220122b0      0x210 common/built-in.o
 .text.usb_stor_CBI_get_status.isra.2
                0x00000000220124c0       0xd8 common/built-in.o
 .text.usb_stor_CB_transport
                0x0000000022012598      0x210 common/built-in.o
 .text.usb_request_sense.constprop.11
                0x00000000220127a8       0x70 common/built-in.o
 .text.usb_stor_read
                0x0000000022012818      0x164 common/built-in.o
 .text.usb_stor_write
                0x000000002201297c      0x164 common/built-in.o
 .text.usb_stor_info
                0x0000000022012ae0       0x74 common/built-in.o
                0x0000000022012ae0                usb_stor_info
 .text.usb_stor_reset
                0x0000000022012b54       0x14 common/built-in.o
                0x0000000022012b54                usb_stor_reset
 .text.usb_stor_scan
                0x0000000022012b68       0x48 common/built-in.o
                0x0000000022012b68                usb_stor_scan
 .text.usb_storage_probe
                0x0000000022012bb0      0x240 common/built-in.o
                0x0000000022012bb0                usb_storage_probe
 .text.usb_stor_get_info
                0x0000000022012df0      0x324 common/built-in.o
                0x0000000022012df0                usb_stor_get_info
 .text.usb_mass_storage_probe
                0x0000000022013114      0x17c common/built-in.o
 .text.delete_char.part.0
                0x0000000022013290       0xd0 common/built-in.o
 .text.cread_add_char
                0x0000000022013360       0xe4 common/built-in.o
 .text.cli_readline_into_buffer
                0x0000000022013444      0xa00 common/built-in.o
                0x0000000022013444                cli_readline_into_buffer
 .text.cli_readline
                0x0000000022013e44       0x14 common/built-in.o
                0x0000000022013e44                cli_readline
 .text.console_setfile
                0x0000000022013e58       0xb8 common/built-in.o
 .text.fgetc    0x0000000022013f10       0x24 common/built-in.o
                0x0000000022013f10                fgetc
 .text.getc     0x0000000022013f34       0x24 common/built-in.o
                0x0000000022013f34                getc
 .text.ftstc    0x0000000022013f58       0x24 common/built-in.o
                0x0000000022013f58                ftstc
 .text.tstc     0x0000000022013f7c       0x24 common/built-in.o
                0x0000000022013f7c                tstc
 .text.fputc    0x0000000022013fa0       0x1c common/built-in.o
                0x0000000022013fa0                fputc
 .text.putc     0x0000000022013fbc       0x44 common/built-in.o
                0x0000000022013fbc                putc
 .text.fputs    0x0000000022014000       0x1c common/built-in.o
                0x0000000022014000                fputs
 .text.puts     0x000000002201401c       0x58 common/built-in.o
                0x000000002201401c                puts
 .text.ctrlc    0x0000000022014074       0x58 common/built-in.o
                0x0000000022014074                ctrlc
 .text.disable_ctrlc
                0x00000000220140cc       0x18 common/built-in.o
                0x00000000220140cc                disable_ctrlc
 .text.had_ctrlc
                0x00000000220140e4       0x10 common/built-in.o
                0x00000000220140e4                had_ctrlc
 .text.clear_ctrlc
                0x00000000220140f4       0x14 common/built-in.o
                0x00000000220140f4                clear_ctrlc
 .text.search_device
                0x0000000022014108       0x28 common/built-in.o
                0x0000000022014108                search_device
 .text.console_assign
                0x0000000022014130       0x40 common/built-in.o
                0x0000000022014130                console_assign
 .text.on_console
                0x0000000022014170       0xb8 common/built-in.o
 .text.console_init_f
                0x0000000022014228       0x10 common/built-in.o
                0x0000000022014228                console_init_f
 .text.stdio_print_current_devices
                0x0000000022014238       0xb0 common/built-in.o
                0x0000000022014238                stdio_print_current_devices
 .text.console_init_r
                0x00000000220142e8       0xdc common/built-in.o
                0x00000000220142e8                console_init_r
 .text.sbrk     0x00000000220143c4       0x6c common/built-in.o
                0x00000000220143c4                sbrk
 .text.mem_malloc_init
                0x0000000022014430       0x34 common/built-in.o
                0x0000000022014430                mem_malloc_init
 .text.malloc_trim
                0x0000000022014464       0xd0 common/built-in.o
                0x0000000022014464                malloc_trim
 .text.free     0x0000000022014534      0x240 common/built-in.o
                0x0000000022014534                free
 .text.malloc   0x0000000022014774      0x614 common/built-in.o
                0x0000000022014774                malloc
 .text.calloc   0x0000000022014d88      0x140 common/built-in.o
                0x0000000022014d88                calloc
 .text.realloc  0x0000000022014ec8      0x428 common/built-in.o
                0x0000000022014ec8                realloc
 .text.memalign
                0x00000000220152f0      0x198 common/built-in.o
                0x00000000220152f0                memalign
 .text.initf_malloc
                0x0000000022015488       0x18 common/built-in.o
                0x0000000022015488                initf_malloc
 .text.malloc_simple
                0x00000000220154a0       0x30 common/built-in.o
                0x00000000220154a0                malloc_simple
 .text.on_loadaddr
                0x00000000220154d0       0x40 common/built-in.o
 .text.image_check_hcrc
                0x0000000022015510       0x4c common/built-in.o
                0x0000000022015510                image_check_hcrc
 .text.image_check_dcrc
                0x000000002201555c       0x38 common/built-in.o
                0x000000002201555c                image_check_dcrc
 .text.image_multi_count
                0x0000000022015594       0x1c common/built-in.o
                0x0000000022015594                image_multi_count
 .text.image_multi_getimg
                0x00000000220155b0       0x80 common/built-in.o
                0x00000000220155b0                image_multi_getimg
 .text.env_get_bootm_low
                0x0000000022015630       0x30 common/built-in.o
                0x0000000022015630                env_get_bootm_low
 .text.env_get_bootm_size
                0x0000000022015660       0x68 common/built-in.o
                0x0000000022015660                env_get_bootm_size
 .text.env_get_bootm_mapsize
                0x00000000220156c8       0x30 common/built-in.o
                0x00000000220156c8                env_get_bootm_mapsize
 .text.memmove_wd
                0x00000000220156f8        0xc common/built-in.o
                0x00000000220156f8                memmove_wd
 .text.genimg_print_size
                0x0000000022015704       0x30 common/built-in.o
                0x0000000022015704                genimg_print_size
 .text.get_table_entry
                0x0000000022015734       0x24 common/built-in.o
                0x0000000022015734                get_table_entry
 .text.get_table_entry_name
                0x0000000022015758       0x20 common/built-in.o
                0x0000000022015758                get_table_entry_name
 .text.genimg_get_os_name
                0x0000000022015778       0x18 common/built-in.o
                0x0000000022015778                genimg_get_os_name
 .text.genimg_get_arch_name
                0x0000000022015790       0x18 common/built-in.o
                0x0000000022015790                genimg_get_arch_name
 .text.genimg_get_type_name
                0x00000000220157a8       0x18 common/built-in.o
                0x00000000220157a8                genimg_get_type_name
 .text.genimg_get_comp_name
                0x00000000220157c0       0x18 common/built-in.o
                0x00000000220157c0                genimg_get_comp_name
 .text.image_print_contents
                0x00000000220157d8      0x1b0 common/built-in.o
                0x00000000220157d8                image_print_contents
 .text.get_table_entry_id
                0x0000000022015988       0x4c common/built-in.o
                0x0000000022015988                get_table_entry_id
 .text.genimg_get_os_id
                0x00000000220159d4       0x18 common/built-in.o
                0x00000000220159d4                genimg_get_os_id
 .text.genimg_get_arch_id
                0x00000000220159ec       0x18 common/built-in.o
                0x00000000220159ec                genimg_get_arch_id
 .text.genimg_get_type_id
                0x0000000022015a04       0x18 common/built-in.o
                0x0000000022015a04                genimg_get_type_id
 .text.genimg_get_comp_id
                0x0000000022015a1c       0x18 common/built-in.o
                0x0000000022015a1c                genimg_get_comp_id
 .text.genimg_get_kernel_addr_fit
                0x0000000022015a34       0x70 common/built-in.o
                0x0000000022015a34                genimg_get_kernel_addr_fit
 .text.genimg_get_format
                0x0000000022015aa4       0x34 common/built-in.o
                0x0000000022015aa4                genimg_get_format
 .text.genimg_has_config
                0x0000000022015ad8       0x10 common/built-in.o
                0x0000000022015ad8                genimg_has_config
 .text.boot_get_ramdisk
                0x0000000022015ae8      0x340 common/built-in.o
                0x0000000022015ae8                boot_get_ramdisk
 .text.boot_ramdisk_high
                0x0000000022015e28      0x130 common/built-in.o
                0x0000000022015e28                boot_ramdisk_high
 .text.boot_get_setup
                0x0000000022015f58        0x4 common/built-in.o
                0x0000000022015f58                boot_get_setup
 .text.boot_get_loadable
                0x0000000022015f5c      0x188 common/built-in.o
                0x0000000022015f5c                boot_get_loadable
 .text.image_setup_linux
                0x00000000220160e4       0x64 common/built-in.o
                0x00000000220160e4                image_setup_linux
 .text.fdt_error
                0x0000000022016148       0x2c common/built-in.o
 .text.boot_fdt_add_mem_rsv_regions
                0x0000000022016174       0x8c common/built-in.o
                0x0000000022016174                boot_fdt_add_mem_rsv_regions
 .text.boot_relocate_fdt
                0x0000000022016200      0x194 common/built-in.o
                0x0000000022016200                boot_relocate_fdt
 .text.boot_get_fdt
                0x0000000022016394      0x390 common/built-in.o
                0x0000000022016394                boot_get_fdt
 .text.ft_verify_fdt
                0x0000000022016724        0x8 common/built-in.o
                0x0000000022016724                ft_verify_fdt
 .text.image_setup_libfdt
                0x000000002201672c      0x110 common/built-in.o
                0x000000002201672c                image_setup_libfdt
 .text.fit_image_get_address
                0x000000002201683c       0x64 common/built-in.o
 .text.fit_parse_conf
                0x00000000220168a0       0x64 common/built-in.o
                0x00000000220168a0                fit_parse_conf
 .text.fit_parse_subimage
                0x0000000022016904       0x64 common/built-in.o
                0x0000000022016904                fit_parse_subimage
 .text.fit_get_desc
                0x0000000022016968       0x30 common/built-in.o
                0x0000000022016968                fit_get_desc
 .text.fit_image_get_node
                0x0000000022016998       0x30 common/built-in.o
                0x0000000022016998                fit_image_get_node
 .text.fit_image_get_os
                0x00000000220169c8       0x3c common/built-in.o
                0x00000000220169c8                fit_image_get_os
 .text.fit_image_get_arch
                0x0000000022016a04       0x3c common/built-in.o
                0x0000000022016a04                fit_image_get_arch
 .text.fit_image_get_type
                0x0000000022016a40       0x3c common/built-in.o
                0x0000000022016a40                fit_image_get_type
 .text.fit_image_get_comp
                0x0000000022016a7c       0x3c common/built-in.o
                0x0000000022016a7c                fit_image_get_comp
 .text.fit_image_get_load
                0x0000000022016ab8       0x10 common/built-in.o
                0x0000000022016ab8                fit_image_get_load
 .text.fit_image_get_entry
                0x0000000022016ac8       0x10 common/built-in.o
                0x0000000022016ac8                fit_image_get_entry
 .text.fit_image_get_data
                0x0000000022016ad8       0x40 common/built-in.o
                0x0000000022016ad8                fit_image_get_data
 .text.fit_image_get_data_offset
                0x0000000022016b18       0x34 common/built-in.o
                0x0000000022016b18                fit_image_get_data_offset
 .text.fit_image_get_data_position
                0x0000000022016b4c       0x34 common/built-in.o
                0x0000000022016b4c                fit_image_get_data_position
 .text.fit_image_get_data_size
                0x0000000022016b80       0x34 common/built-in.o
                0x0000000022016b80                fit_image_get_data_size
 .text.fit_image_get_data_and_size
                0x0000000022016bb4       0x9c common/built-in.o
                0x0000000022016bb4                fit_image_get_data_and_size
 .text.fit_image_hash_get_algo
                0x0000000022016c50       0x30 common/built-in.o
                0x0000000022016c50                fit_image_hash_get_algo
 .text.fit_image_hash_get_value
                0x0000000022016c80       0x40 common/built-in.o
                0x0000000022016c80                fit_image_hash_get_value
 .text.fit_image_print_data
                0x0000000022016cc0      0x144 common/built-in.o
 .text.fit_image_print_verification_data
                0x0000000022016e04       0x88 common/built-in.o
 .text.fit_image_print
                0x0000000022016e8c      0x300 common/built-in.o
                0x0000000022016e8c                fit_image_print
 .text.fit_print_contents
                0x000000002201718c      0x428 common/built-in.o
                0x000000002201718c                fit_print_contents
 .text.fit_get_end
                0x00000000220175b4       0x10 common/built-in.o
                0x00000000220175b4                fit_get_end
 .text.calculate_hash
                0x00000000220175c4       0xf8 common/built-in.o
                0x00000000220175c4                calculate_hash
 .text.fit_image_verify_with_data
                0x00000000220176bc      0x1f8 common/built-in.o
                0x00000000220176bc                fit_image_verify_with_data
 .text.fit_image_verify
                0x00000000220178b4       0x80 common/built-in.o
                0x00000000220178b4                fit_image_verify
 .text.fit_all_image_verify
                0x0000000022017934       0xfc common/built-in.o
                0x0000000022017934                fit_all_image_verify
 .text.fit_image_check_os
                0x0000000022017a30       0x30 common/built-in.o
                0x0000000022017a30                fit_image_check_os
 .text.fit_image_check_arch
                0x0000000022017a60       0x44 common/built-in.o
                0x0000000022017a60                fit_image_check_arch
 .text.fit_image_check_type
                0x0000000022017aa4       0x30 common/built-in.o
                0x0000000022017aa4                fit_image_check_type
 .text.fit_image_check_comp
                0x0000000022017ad4       0x30 common/built-in.o
                0x0000000022017ad4                fit_image_check_comp
 .text.fit_check_format
                0x0000000022017b04       0x40 common/built-in.o
                0x0000000022017b04                fit_check_format
 .text.fit_conf_get_node
                0x0000000022017b44       0xc8 common/built-in.o
                0x0000000022017b44                fit_conf_get_node
 .text.fit_conf_get_prop_node_index
                0x0000000022017c0c       0x30 common/built-in.o
                0x0000000022017c0c                fit_conf_get_prop_node_index
 .text.fit_conf_get_prop_node
                0x0000000022017c3c        0x8 common/built-in.o
                0x0000000022017c3c                fit_conf_get_prop_node
 .text.fit_get_node_from_config
                0x0000000022017c44       0x40 common/built-in.o
                0x0000000022017c44                fit_get_node_from_config
 .text.fit_image_load
                0x0000000022017c84      0x5a4 common/built-in.o
                0x0000000022017c84                fit_image_load
 .text.boot_get_setup_fit
                0x0000000022018228       0x74 common/built-in.o
                0x0000000022018228                boot_get_setup_fit
 .text.boot_get_fdt_fit
                0x000000002201829c      0x304 common/built-in.o
                0x000000002201829c                boot_get_fdt_fit
 .text.get_ram_size
                0x00000000220185a0       0xe8 common/built-in.o
                0x00000000220185a0                get_ram_size
 .text.get_effective_memsize
                0x0000000022018688        0x8 common/built-in.o
                0x0000000022018688                get_effective_memsize
 .text.stdio_serial_tstc
                0x0000000022018690        0x4 common/built-in.o
 .text.stdio_serial_getc
                0x0000000022018694        0x4 common/built-in.o
 .text.stdio_serial_puts
                0x0000000022018698        0x8 common/built-in.o
 .text.stdio_serial_putc
                0x00000000220186a0        0x8 common/built-in.o
 .text.stdio_get_list
                0x00000000220186a8        0xc common/built-in.o
                0x00000000220186a8                stdio_get_list
 .text.stdio_get_by_name
                0x00000000220186b4       0x4c common/built-in.o
                0x00000000220186b4                stdio_get_by_name
 .text.stdio_clone
                0x0000000022018700       0x38 common/built-in.o
                0x0000000022018700                stdio_clone
 .text.stdio_register_dev
                0x0000000022018738       0x50 common/built-in.o
                0x0000000022018738                stdio_register_dev
 .text.stdio_register
                0x0000000022018788        0x8 common/built-in.o
                0x0000000022018788                stdio_register
 .text.stdio_init_tables
                0x0000000022018790       0x1c common/built-in.o
                0x0000000022018790                stdio_init_tables
 .text.stdio_add_devices
                0x00000000220187ac       0x78 common/built-in.o
                0x00000000220187ac                stdio_add_devices
 .text.run_command
                0x0000000022018824       0x10 common/built-in.o
                0x0000000022018824                run_command
 .text.run_command_list
                0x0000000022018834       0x7c common/built-in.o
                0x0000000022018834                run_command_list
 .text.do_run   0x00000000220188b0       0x74 common/built-in.o
                0x00000000220188b0                do_run
 .text.cli_process_fdt
                0x0000000022018924       0x40 common/built-in.o
                0x0000000022018924                cli_process_fdt
 .text.cli_secure_boot_cmd
                0x0000000022018964       0x78 common/built-in.o
                0x0000000022018964                cli_secure_boot_cmd
 .text.cli_loop
                0x00000000220189dc        0xc common/built-in.o
                0x00000000220189dc                cli_loop
 .text.cli_init
                0x00000000220189e8        0x4 common/built-in.o
                0x00000000220189e8                cli_init
 .text.find_cmd_tbl
                0x00000000220189ec       0xa4 common/built-in.o
                0x00000000220189ec                find_cmd_tbl
 .text.find_cmd
                0x0000000022018a90       0x28 common/built-in.o
                0x0000000022018a90                find_cmd
 .text.cmd_usage
                0x0000000022018ab8       0x5c common/built-in.o
                0x0000000022018ab8                cmd_usage
 .text._do_help
                0x0000000022018b14      0x184 common/built-in.o
                0x0000000022018b14                _do_help
 .text.var_complete
                0x0000000022018c98       0x88 common/built-in.o
                0x0000000022018c98                var_complete
 .text.cmd_auto_complete
                0x0000000022018d20      0x4c0 common/built-in.o
                0x0000000022018d20                cmd_auto_complete
 .text.cmd_get_data_size
                0x00000000220191e0       0x50 common/built-in.o
                0x00000000220191e0                cmd_get_data_size
 .text.cmd_process
                0x0000000022019230       0xec common/built-in.o
                0x0000000022019230                cmd_process
 .text.cmd_process_error
                0x000000002201931c       0x30 common/built-in.o
                0x000000002201931c                cmd_process_error
 .text.CYGACC_COMM_IF_GETC_TIMEOUT.isra.0
                0x000000002201934c       0x4c common/built-in.o
 .text.xyzModem_flush
                0x0000000022019398       0x1c common/built-in.o
 .text.xyzModem_get_hdr
                0x00000000220193b4      0x21c common/built-in.o
 .text.xyzModem_stream_open
                0x00000000220195d0      0x214 common/built-in.o
                0x00000000220195d0                xyzModem_stream_open
 .text.xyzModem_stream_read
                0x00000000220197e4      0x25c common/built-in.o
                0x00000000220197e4                xyzModem_stream_read
 .text.xyzModem_stream_close
                0x0000000022019a40       0x54 common/built-in.o
                0x0000000022019a40                xyzModem_stream_close
 .text.xyzModem_stream_terminate
                0x0000000022019a94       0x94 common/built-in.o
                0x0000000022019a94                xyzModem_stream_terminate
 .text.xyzModem_error
                0x0000000022019b28       0x1c common/built-in.o
                0x0000000022019b28                xyzModem_error
 .text.part_driver_lookup_type
                0x0000000022019b44       0x88 disk/built-in.o
 .text.dev_print
                0x0000000022019bcc      0x230 disk/built-in.o
                0x0000000022019bcc                dev_print
 .text.part_init
                0x0000000022019dfc       0x60 disk/built-in.o
                0x0000000022019dfc                part_init
 .text.part_print
                0x0000000022019e5c      0x118 disk/built-in.o
                0x0000000022019e5c                part_print
 .text.part_get_info
                0x0000000022019f74       0x58 disk/built-in.o
                0x0000000022019f74                part_get_info
 .text.part_get_info_whole_disk
                0x0000000022019fcc       0x4c disk/built-in.o
                0x0000000022019fcc                part_get_info_whole_disk
 .text.blk_get_device_by_str
                0x000000002201a018      0x14c disk/built-in.o
                0x000000002201a018                blk_get_device_by_str
 .text.blk_get_device_part_str
                0x000000002201a164      0x3c8 disk/built-in.o
                0x000000002201a164                blk_get_device_part_str
 .text.part_set_generic_name
                0x000000002201a52c       0x4c disk/built-in.o
                0x000000002201a52c                part_set_generic_name
 .text.test_block_type
                0x000000002201a578       0x84 disk/built-in.o
 .text.print_partition_extended
                0x000000002201a5fc      0x270 disk/built-in.o
 .text.part_print_dos
                0x000000002201a86c       0x34 disk/built-in.o
                0x000000002201a86c                part_print_dos
 .text.part_test_dos
                0x000000002201a8a0       0x6c disk/built-in.o
 .text.part_get_info_extended.constprop.1
                0x000000002201a90c      0x27c disk/built-in.o
 .text.part_get_info_dos
                0x000000002201ab88       0x20 disk/built-in.o
                0x000000002201ab88                part_get_info_dos
 .text.clk_request
                0x000000002201aba8       0x28 drivers/built-in.o
                0x000000002201aba8                clk_request
 .text.clk_get_by_indexed_prop.isra.1
                0x000000002201abd0       0xac drivers/built-in.o
 .text.clk_get_by_index
                0x000000002201ac7c       0x18 drivers/built-in.o
                0x000000002201ac7c                clk_get_by_index
 .text.clk_free
                0x000000002201ac94       0x24 drivers/built-in.o
                0x000000002201ac94                clk_free
 .text.clk_get_rate
                0x000000002201acb8       0x24 drivers/built-in.o
                0x000000002201acb8                clk_get_rate
 .text.clk_set_rate
                0x000000002201acdc       0x24 drivers/built-in.o
                0x000000002201acdc                clk_set_rate
 .text.clk_set_parent
                0x000000002201ad00       0x24 drivers/built-in.o
                0x000000002201ad00                clk_set_parent
 .text.clk_set_defaults
                0x000000002201ad24      0x170 drivers/built-in.o
                0x000000002201ad24                clk_set_defaults
 .text.clk_enable
                0x000000002201ae94       0x24 drivers/built-in.o
                0x000000002201ae94                clk_enable
 .text.clk_fixed_rate_ofdata_to_platdata
                0x000000002201aeb8       0x34 drivers/built-in.o
 .text.clk_fixed_rate_get_rate
                0x000000002201aeec       0x28 drivers/built-in.o
 .text.at91_pmc_core_probe
                0x000000002201af14       0x28 drivers/built-in.o
                0x000000002201af14                at91_pmc_core_probe
 .text.at91_clk_sub_device_bind
                0x000000002201af3c       0xe8 drivers/built-in.o
                0x000000002201af3c                at91_clk_sub_device_bind
 .text.at91_clk_of_xlate
                0x000000002201b024       0x4c drivers/built-in.o
                0x000000002201b024                at91_clk_of_xlate
 .text.at91_clk_probe
                0x000000002201b070       0x2c drivers/built-in.o
                0x000000002201b070                at91_clk_probe
 .text.at91_slow_clk_enable
                0x000000002201b09c        0x8 drivers/built-in.o
 .text.at91_slow_clk_get_rate
                0x000000002201b0a4        0x8 drivers/built-in.o
 .text.main_osc_clk_get_rate
                0x000000002201b0ac        0x8 drivers/built-in.o
 .text.main_osc_clk_enable
                0x000000002201b0b4       0x28 drivers/built-in.o
 .text.main_osc_clk_probe
                0x000000002201b0dc        0x4 drivers/built-in.o
 .text.plla_clk_get_rate
                0x000000002201b0e0        0x8 drivers/built-in.o
 .text.plla_clk_enable
                0x000000002201b0e8       0x28 drivers/built-in.o
 .text.plla_clk_probe
                0x000000002201b110        0x4 drivers/built-in.o
 .text.at91_plladiv_clk_enable
                0x000000002201b114        0x8 drivers/built-in.o
 .text.at91_plladiv_clk_set_rate
                0x000000002201b11c       0x70 drivers/built-in.o
 .text.at91_plladiv_clk_get_rate
                0x000000002201b18c       0x50 drivers/built-in.o
 .text.at91_plladiv_clk_probe
                0x000000002201b1dc        0x4 drivers/built-in.o
 .text.at91_master_clk_get_rate
                0x000000002201b1e0        0x8 drivers/built-in.o
 .text.at91_system_clk_bind
                0x000000002201b1e8        0xc drivers/built-in.o
 .text.system_clk_enable
                0x000000002201b1f4       0x64 drivers/built-in.o
 .text.system_clk_set_rate
                0x000000002201b258       0x38 drivers/built-in.o
 .text.system_clk_get_rate
                0x000000002201b290       0x30 drivers/built-in.o
 .text.sam9x5_periph_clk_bind
                0x000000002201b2c0        0xc drivers/built-in.o
 .text.periph_clk_enable
                0x000000002201b2cc       0x8c drivers/built-in.o
 .text.periph_get_rate
                0x000000002201b358       0x40 drivers/built-in.o
 .text.utmi_clk_get_rate
                0x000000002201b398        0xc drivers/built-in.o
 .text.utmi_clk_enable
                0x000000002201b3a4      0x14c drivers/built-in.o
 .text.utmi_clk_ofdata_to_platdata
                0x000000002201b4f0       0x48 drivers/built-in.o
 .text.utmi_clk_probe
                0x000000002201b538        0x4 drivers/built-in.o
 .text.sama5d4_h32mx_clk_get_rate
                0x000000002201b53c       0x28 drivers/built-in.o
 .text.sama5d4_h32mx_clk_probe
                0x000000002201b564        0x4 drivers/built-in.o
 .text.generated_clk_bind
                0x000000002201b568        0xc drivers/built-in.o
 .text.generic_clk_set_rate
                0x000000002201b574      0x19c drivers/built-in.o
 .text.generic_clk_get_rate
                0x000000002201b710       0x80 drivers/built-in.o
 .text.generic_clk_ofdata_to_platdata
                0x000000002201b790       0x58 drivers/built-in.o
 .text.device_bind_common.isra.0
                0x000000002201b7e8      0x34c drivers/built-in.o
 .text.alloc_priv
                0x000000002201bb34       0x54 drivers/built-in.o
 .text.device_bind_with_driver_data
                0x000000002201bb88       0x24 drivers/built-in.o
                0x000000002201bb88                device_bind_with_driver_data
 .text.device_bind
                0x000000002201bbac       0x28 drivers/built-in.o
                0x000000002201bbac                device_bind
 .text.device_bind_by_name
                0x000000002201bbd4       0x70 drivers/built-in.o
                0x000000002201bbd4                device_bind_by_name
 .text.device_probe
                0x000000002201bc44      0x28c drivers/built-in.o
                0x000000002201bc44                device_probe
 .text.dev_get_platdata
                0x000000002201bed0       0x30 drivers/built-in.o
                0x000000002201bed0                dev_get_platdata
 .text.dev_get_parent_platdata
                0x000000002201bf00       0x30 drivers/built-in.o
                0x000000002201bf00                dev_get_parent_platdata
 .text.dev_get_uclass_platdata
                0x000000002201bf30       0x30 drivers/built-in.o
                0x000000002201bf30                dev_get_uclass_platdata
 .text.dev_get_priv
                0x000000002201bf60       0x30 drivers/built-in.o
                0x000000002201bf60                dev_get_priv
 .text.dev_get_uclass_priv
                0x000000002201bf90       0x30 drivers/built-in.o
                0x000000002201bf90                dev_get_uclass_priv
 .text.dev_get_parent_priv
                0x000000002201bfc0       0x30 drivers/built-in.o
                0x000000002201bfc0                dev_get_parent_priv
 .text.device_find_first_child
                0x000000002201bff0       0x1c drivers/built-in.o
                0x000000002201bff0                device_find_first_child
 .text.device_find_next_child
                0x000000002201c00c       0x28 drivers/built-in.o
                0x000000002201c00c                device_find_next_child
 .text.dev_get_parent
                0x000000002201c034        0x8 drivers/built-in.o
                0x000000002201c034                dev_get_parent
 .text.dev_get_driver_data
                0x000000002201c03c        0x8 drivers/built-in.o
                0x000000002201c03c                dev_get_driver_data
 .text.device_get_uclass_id
                0x000000002201c044       0x10 drivers/built-in.o
                0x000000002201c044                device_get_uclass_id
 .text.device_has_active_children
                0x000000002201c054       0x40 drivers/built-in.o
                0x000000002201c054                device_has_active_children
 .text.device_is_last_sibling
                0x000000002201c094       0x24 drivers/built-in.o
                0x000000002201c094                device_is_last_sibling
 .text.device_set_name_alloced
                0x000000002201c0b8       0x10 drivers/built-in.o
                0x000000002201c0b8                device_set_name_alloced
 .text.devfdt_get_addr_index
                0x000000002201c0c8       0xd0 drivers/built-in.o
                0x000000002201c0c8                devfdt_get_addr_index
 .text.devfdt_get_addr
                0x000000002201c198        0x8 drivers/built-in.o
                0x000000002201c198                devfdt_get_addr
 .text.devfdt_get_addr_ptr
                0x000000002201c1a0        0x8 drivers/built-in.o
                0x000000002201c1a0                devfdt_get_addr_ptr
 .text.lists_driver_lookup_name
                0x000000002201c1a8       0x48 drivers/built-in.o
                0x000000002201c1a8                lists_driver_lookup_name
 .text.lists_uclass_lookup
                0x000000002201c1f0       0x38 drivers/built-in.o
                0x000000002201c1f0                lists_uclass_lookup
 .text.lists_bind_drivers
                0x000000002201c228       0x8c drivers/built-in.o
                0x000000002201c228                lists_bind_drivers
 .text.device_bind_driver_to_node
                0x000000002201c2b4       0x48 drivers/built-in.o
                0x000000002201c2b4                device_bind_driver_to_node
 .text.device_bind_driver
                0x000000002201c2fc       0x18 drivers/built-in.o
                0x000000002201c2fc                device_bind_driver
 .text.lists_bind_fdt
                0x000000002201c314      0x170 drivers/built-in.o
                0x000000002201c314                lists_bind_fdt
 .text.dm_scan_fdt_node
                0x000000002201c484       0xf8 drivers/built-in.o
 .text.dm_root  0x000000002201c57c       0x2c drivers/built-in.o
                0x000000002201c57c                dm_root
 .text.dm_get_translation_offset
                0x000000002201c5a8       0x14 drivers/built-in.o
                0x000000002201c5a8                dm_get_translation_offset
 .text.dm_init  0x000000002201c5bc       0x60 drivers/built-in.o
                0x000000002201c5bc                dm_init
 .text.dm_remove_devices_flags
                0x000000002201c61c       0x1c drivers/built-in.o
                0x000000002201c61c                dm_remove_devices_flags
 .text.dm_scan_platdata
                0x000000002201c638       0x2c drivers/built-in.o
                0x000000002201c638                dm_scan_platdata
 .text.dm_scan_fdt_dev
                0x000000002201c664       0x28 drivers/built-in.o
                0x000000002201c664                dm_scan_fdt_dev
 .text.dm_scan_fdt
                0x000000002201c68c       0x18 drivers/built-in.o
                0x000000002201c68c                dm_scan_fdt
 .text.dm_extended_scan_fdt
                0x000000002201c6a4       0x4c drivers/built-in.o
                0x000000002201c6a4                dm_extended_scan_fdt
 .text.dm_scan_other
                0x000000002201c6f0        0x8 drivers/built-in.o
                0x000000002201c6f0                dm_scan_other
 .text.dm_init_and_scan
                0x000000002201c6f8       0x48 drivers/built-in.o
                0x000000002201c6f8                dm_init_and_scan
 .text.uclass_find
                0x000000002201c740       0x4c drivers/built-in.o
                0x000000002201c740                uclass_find
 .text.uclass_get
                0x000000002201c78c      0x118 drivers/built-in.o
                0x000000002201c78c                uclass_get
 .text.uclass_find_device
                0x000000002201c8a4       0x74 drivers/built-in.o
                0x000000002201c8a4                uclass_find_device
 .text.uclass_find_first_device
                0x000000002201c918       0x3c drivers/built-in.o
                0x000000002201c918                uclass_find_first_device
 .text.uclass_find_next_device
                0x000000002201c954       0x2c drivers/built-in.o
                0x000000002201c954                uclass_find_next_device
 .text.uclass_find_device_by_seq
                0x000000002201c980       0x7c drivers/built-in.o
                0x000000002201c980                uclass_find_device_by_seq
 .text.uclass_find_device_by_of_offset
                0x000000002201c9fc       0x68 drivers/built-in.o
                0x000000002201c9fc                uclass_find_device_by_of_offset
 .text.uclass_find_device_by_ofnode
                0x000000002201ca64       0x6c drivers/built-in.o
                0x000000002201ca64                uclass_find_device_by_ofnode
 .text.uclass_get_device_tail
                0x000000002201cad0       0x30 drivers/built-in.o
                0x000000002201cad0                uclass_get_device_tail
 .text.uclass_get_device
                0x000000002201cb00       0x30 drivers/built-in.o
                0x000000002201cb00                uclass_get_device
 .text.uclass_get_device_by_seq
                0x000000002201cb30       0x54 drivers/built-in.o
                0x000000002201cb30                uclass_get_device_by_seq
 .text.uclass_get_device_by_of_offset
                0x000000002201cb84       0x30 drivers/built-in.o
                0x000000002201cb84                uclass_get_device_by_of_offset
 .text.uclass_get_device_by_ofnode
                0x000000002201cbb4       0x30 drivers/built-in.o
                0x000000002201cbb4                uclass_get_device_by_ofnode
 .text.uclass_get_device_by_phandle_id
                0x000000002201cbe4       0x84 drivers/built-in.o
                0x000000002201cbe4                uclass_get_device_by_phandle_id
 .text.uclass_get_device_by_phandle
                0x000000002201cc68       0xa4 drivers/built-in.o
                0x000000002201cc68                uclass_get_device_by_phandle
 .text.uclass_first_device
                0x000000002201cd0c       0x38 drivers/built-in.o
                0x000000002201cd0c                uclass_first_device
 .text.uclass_first_device_err
                0x000000002201cd44       0x24 drivers/built-in.o
                0x000000002201cd44                uclass_first_device_err
 .text.uclass_next_device
                0x000000002201cd68       0x40 drivers/built-in.o
                0x000000002201cd68                uclass_next_device
 .text.uclass_first_device_check
                0x000000002201cda8       0x34 drivers/built-in.o
                0x000000002201cda8                uclass_first_device_check
 .text.uclass_next_device_check
                0x000000002201cddc       0x2c drivers/built-in.o
                0x000000002201cddc                uclass_next_device_check
 .text.uclass_bind_device
                0x000000002201ce08       0x7c drivers/built-in.o
                0x000000002201ce08                uclass_bind_device
 .text.uclass_unbind_device
                0x000000002201ce84       0x4c drivers/built-in.o
                0x000000002201ce84                uclass_unbind_device
 .text.uclass_resolve_seq
                0x000000002201ced0       0xb4 drivers/built-in.o
                0x000000002201ced0                uclass_resolve_seq
 .text.uclass_pre_probe_device
                0x000000002201cf84       0x60 drivers/built-in.o
                0x000000002201cf84                uclass_pre_probe_device
 .text.uclass_post_probe_device
                0x000000002201cfe4       0x20 drivers/built-in.o
                0x000000002201cfe4                uclass_post_probe_device
 .text.uclass_pre_remove_device
                0x000000002201d004       0x20 drivers/built-in.o
                0x000000002201d004                uclass_pre_remove_device
 .text.dm_warn  0x000000002201d024       0x28 drivers/built-in.o
                0x000000002201d024                dm_warn
 .text.dm_fdt_pre_reloc
                0x000000002201d04c       0x68 drivers/built-in.o
                0x000000002201d04c                dm_fdt_pre_reloc
 .text.device_unbind
                0x000000002201d0b4      0x144 drivers/built-in.o
                0x000000002201d0b4                device_unbind
 .text.device_free
                0x000000002201d1f8       0x90 drivers/built-in.o
                0x000000002201d1f8                device_free
 .text.device_remove
                0x000000002201d288      0x168 drivers/built-in.o
                0x000000002201d288                device_remove
 .text.simple_bus_post_bind
                0x000000002201d3f0       0x58 drivers/built-in.o
 .text.show_devices
                0x000000002201d448       0xec drivers/built-in.o
 .text.dm_dump_all
                0x000000002201d534       0x3c drivers/built-in.o
                0x000000002201d534                dm_dump_all
 .text.dm_dump_uclass
                0x000000002201d570       0xec drivers/built-in.o
                0x000000002201d570                dm_dump_uclass
 .text.regmap_init_mem
                0x000000002201d65c       0xe0 drivers/built-in.o
                0x000000002201d65c                regmap_init_mem
 .text.regmap_read
                0x000000002201d73c       0x18 drivers/built-in.o
                0x000000002201d73c                regmap_read
 .text.regmap_write
                0x000000002201d754       0x14 drivers/built-in.o
                0x000000002201d754                regmap_write
 .text.syscon_pre_probe
                0x000000002201d768       0x1c drivers/built-in.o
 .text.syscon_get_regmap
                0x000000002201d784       0x2c drivers/built-in.o
                0x000000002201d784                syscon_get_regmap
 .text.ofnode_read_u32
                0x000000002201d7b0       0x54 drivers/built-in.o
                0x000000002201d7b0                ofnode_read_u32
 .text.ofnode_read_u32_default
                0x000000002201d804       0x20 drivers/built-in.o
                0x000000002201d804                ofnode_read_u32_default
 .text.ofnode_read_string
                0x000000002201d824       0x54 drivers/built-in.o
                0x000000002201d824                ofnode_read_string
 .text.ofnode_read_u32_array
                0x000000002201d878       0x28 drivers/built-in.o
                0x000000002201d878                ofnode_read_u32_array
 .text.ofnode_first_subnode
                0x000000002201d8a0       0x18 drivers/built-in.o
                0x000000002201d8a0                ofnode_first_subnode
 .text.ofnode_next_subnode
                0x000000002201d8b8       0x18 drivers/built-in.o
                0x000000002201d8b8                ofnode_next_subnode
 .text.ofnode_get_parent
                0x000000002201d8d0       0x18 drivers/built-in.o
                0x000000002201d8d0                ofnode_get_parent
 .text.ofnode_get_name
                0x000000002201d8e8       0x14 drivers/built-in.o
                0x000000002201d8e8                ofnode_get_name
 .text.ofnode_read_size
                0x000000002201d8fc       0x30 drivers/built-in.o
                0x000000002201d8fc                ofnode_read_size
 .text.ofnode_stringlist_search
                0x000000002201d92c       0x38 drivers/built-in.o
                0x000000002201d92c                ofnode_stringlist_search
 .text.ofnode_parse_phandle_with_args
                0x000000002201d964       0x68 drivers/built-in.o
                0x000000002201d964                ofnode_parse_phandle_with_args
 .text.ofnode_count_phandle_with_args
                0x000000002201d9cc       0x34 drivers/built-in.o
                0x000000002201d9cc                ofnode_count_phandle_with_args
 .text.ofnode_path
                0x000000002201da00       0x18 drivers/built-in.o
                0x000000002201da00                ofnode_path
 .text.ofnode_get_chosen_prop
                0x000000002201da18       0x20 drivers/built-in.o
                0x000000002201da18                ofnode_get_chosen_prop
 .text.ofnode_get_chosen_node
                0x000000002201da38       0x20 drivers/built-in.o
                0x000000002201da38                ofnode_get_chosen_node
 .text.ofnode_get_property
                0x000000002201da58       0x18 drivers/built-in.o
                0x000000002201da58                ofnode_get_property
 .text.ofnode_read_bool
                0x000000002201da70       0x18 drivers/built-in.o
                0x000000002201da70                ofnode_read_bool
 .text.ofnode_get_addr_size
                0x000000002201da88       0x18 drivers/built-in.o
                0x000000002201da88                ofnode_get_addr_size
 .text.ofnode_read_addr_cells
                0x000000002201daa0       0x10 drivers/built-in.o
                0x000000002201daa0                ofnode_read_addr_cells
 .text.ofnode_read_size_cells
                0x000000002201dab0       0x10 drivers/built-in.o
                0x000000002201dab0                ofnode_read_size_cells
 .text.ofnode_read_simple_addr_cells
                0x000000002201dac0        0x4 drivers/built-in.o
                0x000000002201dac0                ofnode_read_simple_addr_cells
 .text.ofnode_read_simple_size_cells
                0x000000002201dac4        0x4 drivers/built-in.o
                0x000000002201dac4                ofnode_read_simple_size_cells
 .text.ofnode_pre_reloc
                0x000000002201dac8       0x50 drivers/built-in.o
                0x000000002201dac8                ofnode_pre_reloc
 .text.pinconfig_post_bind
                0x000000002201db18       0xcc drivers/built-in.o
 .text.pinctrl_post_bind
                0x000000002201dbe4       0x30 drivers/built-in.o
 .text.pinctrl_select_state
                0x000000002201dc14      0x16c drivers/built-in.o
                0x000000002201dc14                pinctrl_select_state
 .text.atmel_pinctrl_set_state
                0x000000002201dd80      0x1bc drivers/built-in.o
 .text.atmel_pinctrl_probe
                0x000000002201df3c       0x30 drivers/built-in.o
 .text.timer_post_probe
                0x000000002201df6c       0x1c drivers/built-in.o
 .text.timer_pre_probe
                0x000000002201df88       0x68 drivers/built-in.o
 .text.timer_get_count
                0x000000002201dff0       0x20 drivers/built-in.o