atmel_usba_udc.c:146:1:request_complete	0	static
atmel_usba_udc.c:169:1:usba_ep_enable	12	static
atmel_usba_udc.c:336:1:usba_ep_queue	0	static
atmel_usba_udc.c:400:12:usba_ep_set_halt	0	static
atmel_usba_udc.c:445:12:usba_ep_fifo_status	0	static
atmel_usba_udc.c:452:13:usba_ep_fifo_flush	0	static
atmel_usba_udc.c:472:12:usba_udc_get_frame	0	static
atmel_usba_udc.c:479:12:usba_udc_wakeup	0	static
atmel_usba_udc.c:498:1:usba_udc_set_selfpowered	0	static
atmel_usba_udc.c:29:13:next_fifo_transaction	16	static
atmel_usba_udc.c:51:13:submit_request	16	static
atmel_usba_udc.c:69:13:submit_next_request	0	static
atmel_usba_udc.c:378:12:usba_ep_dequeue	8	static
atmel_usba_udc.c:326:1:usba_ep_free_request	0	static
atmel_usba_udc.c:310:1:usba_ep_alloc_request	8	static
atmel_usba_udc.c:560:24:get_ep_by_addr.constprop	0	static
atmel_usba_udc.c:271:12:usba_ep_disable	24	static
atmel_usba_udc.c:532:13:reset_all_endpoints.constprop	24	static
atmel_usba_udc.c:90:13:receive_data	32	static
atmel_usba_udc.c:1201:5:usb_gadget_handle_interrupts	56	static
atmel_usba_udc.c:1209:5:usb_gadget_register_driver	16	static
atmel_usba_udc.c:1237:5:usb_gadget_unregister_driver	16	static
atmel_usba_udc.c:1295:5:usba_udc_probe	40	static
