spi-uclass.c:18:12:spi_set_speed_mode	24	static
spi-uclass.c:190:12:spi_child_pre_probe	16	static
spi-uclass.c:157:12:spi_post_probe	16	static
spi-uclass.c:45:5:dm_spi_claim_bus	24	static
spi-uclass.c:73:6:dm_spi_release_bus	0	static
spi-uclass.c:82:5:dm_spi_xfer	4	static
spi-uclass.c:93:6:dm_spi_is_flash_command_supported	0	static
spi-uclass.c:105:5:dm_spi_exec_flash_command	0	static
spi-uclass.c:117:5:spi_claim_bus	0	static
spi-uclass.c:122:6:spi_release_bus	0	static
spi-uclass.c:127:5:spi_xfer	0	static
spi-uclass.c:133:6:spi_is_flash_command_supported	0	static
spi-uclass.c:139:5:spi_exec_flash_command	0	static
spi-uclass.c:211:5:spi_chip_select	8	static
spi-uclass.c:218:5:spi_find_chip_select	24	static
spi-uclass.c:252:5:spi_cs_info	24	static
spi-uclass.c:237:5:spi_cs_is_valid	16	static
spi-uclass.c:285:5:spi_find_bus_and_cs	24	static
spi-uclass.c:307:5:spi_get_bus_and_cs	40	static
spi-uclass.c:389:19:spi_setup_slave	32	static
spi-uclass.c:404:6:spi_free_slave	8	static
spi-uclass.c:410:5:spi_slave_ofdata_to_platdata	16	static
spi-uclass.c:146:12:spi_child_post_bind	8	static
