image-fit.c:771:12:fit_image_get_address	24	static
image-fit.c:77:5:fit_parse_conf	24	static
image-fit.c:103:5:fit_parse_subimage	24	static
image-fit.c:126:5:fit_get_subimage_count	24	static
image-fit.c:563:5:fit_get_desc	16	static
image-fit.c:591:5:fit_get_timestamp	16	static
image-fit.c:623:5:fit_image_get_node	16	static
image-fit.c:657:5:fit_image_get_os	16	static
image-fit.c:689:5:fit_image_get_arch	16	static
image-fit.c:721:5:fit_image_get_type	16	static
image-fit.c:753:5:fit_image_get_comp	16	static
image-fit.c:812:5:fit_image_get_load	0	static
image-fit.c:834:5:fit_image_get_entry	0	static
image-fit.c:854:5:fit_image_get_data	24	static
image-fit.c:881:5:fit_image_get_data_offset	8	static
image-fit.c:905:5:fit_image_get_data_position	8	static
image-fit.c:930:5:fit_image_get_data_size	8	static
image-fit.c:959:5:fit_image_get_data_and_size	32	static
image-fit.c:1004:5:fit_image_hash_get_algo	16	static
image-fit.c:1032:5:fit_image_hash_get_value	24	static
image-fit.c:161:13:fit_image_print_data	48	static
image-fit.c:223:13:fit_image_print_verification_data	24	static
image-fit.c:441:6:fit_image_print	56	static
image-fit.c:337:6:fit_print_contents	64	static
image-fit.c:1076:7:fit_get_end	0	static
image-fit.c:1094:5:fit_set_timestamp	24	static
image-fit.c:1130:5:calculate_hash	32	static
image-fit.c:1204:5:fit_image_verify_with_data	96	static
image-fit.c:1281:5:fit_image_verify	24	static
image-fit.c:1311:5:fit_all_image_verify	40	static
image-fit.c:1363:5:fit_image_check_os	16	static
image-fit.c:1385:5:fit_image_check_arch	16	static
image-fit.c:1415:5:fit_image_check_type	16	static
image-fit.c:1438:5:fit_image_check_comp	16	static
image-fit.c:1458:5:fit_check_format	8	static
image-fit.c:1523:5:fit_conf_find_compat	64	static
image-fit.c:1628:5:fit_conf_get_node	32	static
image-fit.c:1681:5:fit_conf_get_prop_node_count	0	static
image-fit.c:1687:5:fit_conf_get_prop_node_index	24	static
image-fit.c:1701:5:fit_conf_get_prop_node	0	static
image-fit.c:1723:5:fit_get_node_from_config	16	static
image-fit.c:1783:5:fit_image_load	72	static
image-fit.c:2007:5:boot_get_setup_fit	56	static
image-fit.c:2028:5:boot_get_fdt_fit	112	static
