spi_flash.c:622:13:sst26_process_bpr	0	static
spi_flash.c:941:12:stm_is_locked_sr	28	static
spi_flash.c:515:5:spi_flash_read_common	24	static
spi_flash.c:23:12:read_sr	48	static
spi_flash.c:959:5:stm_is_locked	40	static
spi_flash.c:325:12:spi_flash_wait_till_ready	56	static
spi_flash.c:346:5:spi_flash_write_common	24	static
spi_flash.c:387:5:spi_flash_cmd_erase_ops	64	static
spi_flash.c:446:5:spi_flash_cmd_write_ops	72	static
spi_flash.c:57:12:write_sr	48	static
spi_flash.c:994:5:stm_lock	48	static
spi_flash.c:1048:5:stm_unlock	48	static
spi_flash.c:787:12:sst_byte_write	56	static
spi_flash.c:654:12:sst26_lock_ctl	104	static
spi_flash.c:773:12:sst26_is_locked	0	static
spi_flash.c:759:12:sst26_unlock	0	static
spi_flash.c:764:12:sst26_lock	0	static
spi_flash.c:76:12:read_cr	48	static
spi_flash.c:542:13:spi_flash_copy_mmap	0	static
spi_flash.c:551:5:spi_flash_cmd_read_ops	80	static
spi_flash.c:816:5:sst_write_wp	72	static
spi_flash.c:886:5:sst_write_bp	32	static
spi_flash.c:1204:5:spi_flash_decode_fdt	16	static
spi_flash.c:1227:5:spi_flash_scan	72	static
