ehci-hcd.c:121:12:ehci_get_port_speed	0	static
ehci-hcd.c:126:13:ehci_set_usbmode	0	static
ehci-hcd.c:148:18:ehci_get_portsc_register	0	static
ehci-hcd.c:1598:12:ehci_get_max_xfer_size	0	static
ehci-hcd.c:142:13:ehci_powerup_fixup	8	static
ehci-hcd.c:162:12:handshake	24	static
ehci-hcd.c:240:12:ehci_td_buffer	16	static
ehci-hcd.c:206:12:ehci_shutdown	24	static
ehci-hcd.c:1386:14:_ehci_poll_int_queue	24	static
ehci-hcd.c:1584:14:ehci_poll_int_queue	0	static
ehci-hcd.c:1203:1:disable_periodic.isra.1	8	static
ehci-hcd.c:1182:1:enable_periodic.isra.2	8	static
ehci-hcd.c:112:26:ehci_get_ctrl.isra.3	8	static
ehci-hcd.c:1427:12:_ehci_destroy_int_queue	32	static
ehci-hcd.c:1591:12:ehci_destroy_int_queue	0	static
ehci-hcd.c:284:13:ehci_update_endpt2_dev_n_port.isra.4	16	static
ehci-hcd.c:300:1:ehci_submit_async	296	static
ehci-hcd.c:1560:12:ehci_submit_bulk_msg	0	static
ehci-hcd.c:1222:26:_ehci_create_int_queue.isra.5	72	static
ehci-hcd.c:1575:26:ehci_create_int_queue	0	static
ehci-hcd.c:1567:12:ehci_submit_int_msg	32	static
ehci-hcd.c:1550:12:ehci_submit_control_msg	56	static
ehci-hcd.c:1609:5:ehci_register	32	static
ehci-hcd.c:1655:5:ehci_deregister	8	static
