atmel_pio4.c:19:32:atmel_pio4_port_base	8	static
atmel_pio4.c:45:12:atmel_pio4_config_io_func	16	static
atmel_pio4.c:181:32:atmel_pio4_bank_base	8	static
atmel_pio4.c:254:12:atmel_pio4_get_function	8	static
atmel_pio4.c:238:12:atmel_pio4_set_value	16	static
atmel_pio4.c:228:12:atmel_pio4_get_value	8	static
atmel_pio4.c:207:12:atmel_pio4_direction_output	16	static
atmel_pio4.c:192:12:atmel_pio4_direction_input	8	static
atmel_pio4.c:280:12:atmel_pio4_probe	32	static
atmel_pio4.c:275:12:atmel_pio4_bind	0	static
atmel_pio4.c:68:5:atmel_pio4_set_gpio	0	static
atmel_pio4.c:75:5:atmel_pio4_set_a_periph	0	static
atmel_pio4.c:82:5:atmel_pio4_set_b_periph	0	static
atmel_pio4.c:89:5:atmel_pio4_set_c_periph	0	static
atmel_pio4.c:96:5:atmel_pio4_set_d_periph	0	static
atmel_pio4.c:103:5:atmel_pio4_set_e_periph	0	static
atmel_pio4.c:110:5:atmel_pio4_set_f_periph	0	static
atmel_pio4.c:117:5:atmel_pio4_set_g_periph	0	static
atmel_pio4.c:124:5:atmel_pio4_set_pio_output	16	static
atmel_pio4.c:150:5:atmel_pio4_get_pio_input	8	static
